[0.224s] DEBUG:colcon:Command line arguments: ['/usr/bin/colcon', 'build', '--symlink-install']
[0.224s] DEBUG:colcon:Parsed command line arguments: Namespace(log_base=None, log_level=None, verb_name='build', build_base='build', install_base='install', merge_install=False, symlink_install=True, test_result_base=None, continue_on_error=False, executor='parallel', parallel_workers=8, event_handlers=None, ignore_user_meta=False, metas=['./colcon.meta'], base_paths=['.'], packages_ignore=None, packages_ignore_regex=None, paths=None, packages_up_to=None, packages_up_to_regex=None, packages_above=None, packages_above_and_dependencies=None, packages_above_depth=None, packages_select_by_dep=None, packages_skip_by_dep=None, packages_skip_up_to=None, packages_select_build_failed=False, packages_skip_build_finished=False, packages_select_test_failures=False, packages_skip_test_passed=False, packages_select=None, packages_skip=None, packages_select_regex=None, packages_skip_regex=None, packages_start=None, packages_end=None, allow_overriding=[], cmake_args=None, cmake_target=None, cmake_target_skip_unavailable=False, cmake_clean_cache=False, cmake_clean_first=False, cmake_force_configure=False, ament_cmake_args=None, catkin_cmake_args=None, catkin_skip_building_tests=False, mixin_files=None, mixin=None, verb_parser=<colcon_mixin.mixin.mixin_argument.MixinArgumentDecorator object at 0x70e1cb1a0b60>, verb_extension=<colcon_core.verb.build.BuildVerb object at 0x70e1cb1a0440>, main=<bound method BuildVerb.main of <colcon_core.verb.build.BuildVerb object at 0x70e1cb1a0440>>, mixin_verb=('build',))
[0.302s] Level 1:colcon.colcon_core.package_discovery:discover_packages(colcon_meta) check parameters
[0.302s] Level 1:colcon.colcon_core.package_discovery:discover_packages(recursive) check parameters
[0.302s] Level 1:colcon.colcon_core.package_discovery:discover_packages(ignore) check parameters
[0.303s] Level 1:colcon.colcon_core.package_discovery:discover_packages(path) check parameters
[0.303s] Level 1:colcon.colcon_core.package_discovery:discover_packages(colcon_meta) discover
[0.303s] Level 1:colcon.colcon_core.package_discovery:discover_packages(recursive) discover
[0.303s] INFO:colcon.colcon_core.package_discovery:Crawling recursively for packages in '/home/ram/projects/dof_ws'
[0.303s] Level 1:colcon.colcon_core.package_identification:_identify(.) by extensions ['ignore', 'ignore_ament_install']
[0.303s] Level 1:colcon.colcon_core.package_identification:_identify(.) by extension 'ignore'
[0.303s] Level 1:colcon.colcon_core.package_identification:_identify(.) by extension 'ignore_ament_install'
[0.303s] Level 1:colcon.colcon_core.package_identification:_identify(.) by extensions ['colcon_pkg']
[0.304s] Level 1:colcon.colcon_core.package_identification:_identify(.) by extension 'colcon_pkg'
[0.304s] Level 1:colcon.colcon_core.package_identification:_identify(.) by extensions ['colcon_meta']
[0.304s] Level 1:colcon.colcon_core.package_identification:_identify(.) by extension 'colcon_meta'
[0.304s] Level 1:colcon.colcon_core.package_identification:_identify(.) by extensions ['ros']
[0.304s] Level 1:colcon.colcon_core.package_identification:_identify(.) by extension 'ros'
[0.363s] Level 1:colcon.colcon_core.package_identification:_identify(.) by extensions ['cmake', 'python']
[0.363s] Level 1:colcon.colcon_core.package_identification:_identify(.) by extension 'cmake'
[0.363s] Level 1:colcon.colcon_core.package_identification:_identify(.) by extension 'python'
[0.364s] Level 1:colcon.colcon_core.package_identification:_identify(.) by extensions ['python_setup_py']
[0.364s] Level 1:colcon.colcon_core.package_identification:_identify(.) by extension 'python_setup_py'
[0.364s] Level 1:colcon.colcon_core.package_identification:_identify(build) by extensions ['ignore', 'ignore_ament_install']
[0.364s] Level 1:colcon.colcon_core.package_identification:_identify(build) by extension 'ignore'
[0.364s] Level 1:colcon.colcon_core.package_identification:_identify(build) ignored
[0.364s] Level 1:colcon.colcon_core.package_identification:_identify(install) by extensions ['ignore', 'ignore_ament_install']
[0.365s] Level 1:colcon.colcon_core.package_identification:_identify(install) by extension 'ignore'
[0.365s] Level 1:colcon.colcon_core.package_identification:_identify(install) ignored
[0.365s] Level 1:colcon.colcon_core.package_identification:_identify(log) by extensions ['ignore', 'ignore_ament_install']
[0.365s] Level 1:colcon.colcon_core.package_identification:_identify(log) by extension 'ignore'
[0.365s] Level 1:colcon.colcon_core.package_identification:_identify(log) ignored
[0.365s] Level 1:colcon.colcon_core.package_identification:_identify(src) by extensions ['ignore', 'ignore_ament_install']
[0.365s] Level 1:colcon.colcon_core.package_identification:_identify(src) by extension 'ignore'
[0.365s] Level 1:colcon.colcon_core.package_identification:_identify(src) by extension 'ignore_ament_install'
[0.366s] Level 1:colcon.colcon_core.package_identification:_identify(src) by extensions ['colcon_pkg']
[0.366s] Level 1:colcon.colcon_core.package_identification:_identify(src) by extension 'colcon_pkg'
[0.366s] Level 1:colcon.colcon_core.package_identification:_identify(src) by extensions ['colcon_meta']
[0.366s] Level 1:colcon.colcon_core.package_identification:_identify(src) by extension 'colcon_meta'
[0.366s] Level 1:colcon.colcon_core.package_identification:_identify(src) by extensions ['ros']
[0.366s] Level 1:colcon.colcon_core.package_identification:_identify(src) by extension 'ros'
[0.366s] Level 1:colcon.colcon_core.package_identification:_identify(src) by extensions ['cmake', 'python']
[0.366s] Level 1:colcon.colcon_core.package_identification:_identify(src) by extension 'cmake'
[0.366s] Level 1:colcon.colcon_core.package_identification:_identify(src) by extension 'python'
[0.366s] Level 1:colcon.colcon_core.package_identification:_identify(src) by extensions ['python_setup_py']
[0.366s] Level 1:colcon.colcon_core.package_identification:_identify(src) by extension 'python_setup_py'
[0.367s] Level 1:colcon.colcon_core.package_identification:_identify(src/dof_description) by extensions ['ignore', 'ignore_ament_install']
[0.367s] Level 1:colcon.colcon_core.package_identification:_identify(src/dof_description) by extension 'ignore'
[0.367s] Level 1:colcon.colcon_core.package_identification:_identify(src/dof_description) by extension 'ignore_ament_install'
[0.367s] Level 1:colcon.colcon_core.package_identification:_identify(src/dof_description) by extensions ['colcon_pkg']
[0.367s] Level 1:colcon.colcon_core.package_identification:_identify(src/dof_description) by extension 'colcon_pkg'
[0.367s] Level 1:colcon.colcon_core.package_identification:_identify(src/dof_description) by extensions ['colcon_meta']
[0.367s] Level 1:colcon.colcon_core.package_identification:_identify(src/dof_description) by extension 'colcon_meta'
[0.368s] Level 1:colcon.colcon_core.package_identification:_identify(src/dof_description) by extensions ['ros']
[0.368s] Level 1:colcon.colcon_core.package_identification:_identify(src/dof_description) by extension 'ros'
[0.373s] DEBUG:colcon.colcon_core.package_identification:Package 'src/dof_description' with type 'ros.ament_cmake' and name 'dof_description'
[0.374s] Level 1:colcon.colcon_core.package_identification:_identify(src/dof_moveit_config) by extensions ['ignore', 'ignore_ament_install']
[0.374s] Level 1:colcon.colcon_core.package_identification:_identify(src/dof_moveit_config) by extension 'ignore'
[0.374s] Level 1:colcon.colcon_core.package_identification:_identify(src/dof_moveit_config) by extension 'ignore_ament_install'
[0.374s] Level 1:colcon.colcon_core.package_identification:_identify(src/dof_moveit_config) by extensions ['colcon_pkg']
[0.374s] Level 1:colcon.colcon_core.package_identification:_identify(src/dof_moveit_config) by extension 'colcon_pkg'
[0.374s] Level 1:colcon.colcon_core.package_identification:_identify(src/dof_moveit_config) by extensions ['colcon_meta']
[0.374s] Level 1:colcon.colcon_core.package_identification:_identify(src/dof_moveit_config) by extension 'colcon_meta'
[0.374s] Level 1:colcon.colcon_core.package_identification:_identify(src/dof_moveit_config) by extensions ['ros']
[0.374s] Level 1:colcon.colcon_core.package_identification:_identify(src/dof_moveit_config) by extension 'ros'
[0.375s] DEBUG:colcon.colcon_core.package_identification:Package 'src/dof_moveit_config' with type 'ros.ament_cmake' and name 'dof_moveit_config'
[0.376s] Level 1:colcon.colcon_core.package_discovery:discover_packages(recursive) using defaults
[0.376s] Level 1:colcon.colcon_core.package_discovery:discover_packages(ignore) discover
[0.376s] Level 1:colcon.colcon_core.package_discovery:discover_packages(ignore) using defaults
[0.376s] Level 1:colcon.colcon_core.package_discovery:discover_packages(path) discover
[0.376s] Level 1:colcon.colcon_core.package_discovery:discover_packages(path) using defaults
[0.410s] Level 1:colcon.colcon_core.package_discovery:discover_packages(prefix_path) check parameters
[0.410s] Level 1:colcon.colcon_core.package_discovery:discover_packages(prefix_path) discover
[0.413s] DEBUG:colcon.colcon_installed_package_information.package_discovery:Found 2 installed packages in /home/ram/projects/dof_ws/install
[0.414s] DEBUG:colcon.colcon_installed_package_information.package_discovery:Found 2 installed packages in /home/ram/projects/arm_ws/install
[0.418s] DEBUG:colcon.colcon_installed_package_information.package_discovery:Found 432 installed packages in /opt/ros/jazzy
[0.423s] Level 1:colcon.colcon_core.package_discovery:discover_packages(prefix_path) using defaults
[0.558s] Level 5:colcon.colcon_core.verb:set package 'dof_description' build argument 'cmake_args' from command line to 'None'
[0.558s] Level 5:colcon.colcon_core.verb:set package 'dof_description' build argument 'cmake_target' from command line to 'None'
[0.558s] Level 5:colcon.colcon_core.verb:set package 'dof_description' build argument 'cmake_target_skip_unavailable' from command line to 'False'
[0.558s] Level 5:colcon.colcon_core.verb:set package 'dof_description' build argument 'cmake_clean_cache' from command line to 'False'
[0.558s] Level 5:colcon.colcon_core.verb:set package 'dof_description' build argument 'cmake_clean_first' from command line to 'False'
[0.558s] Level 5:colcon.colcon_core.verb:set package 'dof_description' build argument 'cmake_force_configure' from command line to 'False'
[0.558s] Level 5:colcon.colcon_core.verb:set package 'dof_description' build argument 'ament_cmake_args' from command line to 'None'
[0.558s] Level 5:colcon.colcon_core.verb:set package 'dof_description' build argument 'catkin_cmake_args' from command line to 'None'
[0.558s] Level 5:colcon.colcon_core.verb:set package 'dof_description' build argument 'catkin_skip_building_tests' from command line to 'False'
[0.558s] DEBUG:colcon.colcon_core.verb:Building package 'dof_description' with the following arguments: {'ament_cmake_args': None, 'build_base': '/home/ram/projects/dof_ws/build/dof_description', 'catkin_cmake_args': None, 'catkin_skip_building_tests': False, 'cmake_args': None, 'cmake_clean_cache': False, 'cmake_clean_first': False, 'cmake_force_configure': False, 'cmake_target': None, 'cmake_target_skip_unavailable': False, 'install_base': '/home/ram/projects/dof_ws/install/dof_description', 'merge_install': False, 'path': '/home/ram/projects/dof_ws/src/dof_description', 'symlink_install': True, 'test_result_base': None}
[0.559s] Level 5:colcon.colcon_core.verb:set package 'dof_moveit_config' build argument 'cmake_args' from command line to 'None'
[0.559s] Level 5:colcon.colcon_core.verb:set package 'dof_moveit_config' build argument 'cmake_target' from command line to 'None'
[0.559s] Level 5:colcon.colcon_core.verb:set package 'dof_moveit_config' build argument 'cmake_target_skip_unavailable' from command line to 'False'
[0.559s] Level 5:colcon.colcon_core.verb:set package 'dof_moveit_config' build argument 'cmake_clean_cache' from command line to 'False'
[0.559s] Level 5:colcon.colcon_core.verb:set package 'dof_moveit_config' build argument 'cmake_clean_first' from command line to 'False'
[0.559s] Level 5:colcon.colcon_core.verb:set package 'dof_moveit_config' build argument 'cmake_force_configure' from command line to 'False'
[0.559s] Level 5:colcon.colcon_core.verb:set package 'dof_moveit_config' build argument 'ament_cmake_args' from command line to 'None'
[0.559s] Level 5:colcon.colcon_core.verb:set package 'dof_moveit_config' build argument 'catkin_cmake_args' from command line to 'None'
[0.559s] Level 5:colcon.colcon_core.verb:set package 'dof_moveit_config' build argument 'catkin_skip_building_tests' from command line to 'False'
[0.559s] DEBUG:colcon.colcon_core.verb:Building package 'dof_moveit_config' with the following arguments: {'ament_cmake_args': None, 'build_base': '/home/ram/projects/dof_ws/build/dof_moveit_config', 'catkin_cmake_args': None, 'catkin_skip_building_tests': False, 'cmake_args': None, 'cmake_clean_cache': False, 'cmake_clean_first': False, 'cmake_force_configure': False, 'cmake_target': None, 'cmake_target_skip_unavailable': False, 'install_base': '/home/ram/projects/dof_ws/install/dof_moveit_config', 'merge_install': False, 'path': '/home/ram/projects/dof_ws/src/dof_moveit_config', 'symlink_install': True, 'test_result_base': None}
[0.559s] INFO:colcon.colcon_core.executor:Executing jobs using 'parallel' executor
[0.560s] DEBUG:colcon.colcon_parallel_executor.executor.parallel:run_until_complete
[0.561s] INFO:colcon.colcon_ros.task.ament_cmake.build:Building ROS package in '/home/ram/projects/dof_ws/src/dof_description' with build type 'ament_cmake'
[0.561s] INFO:colcon.colcon_cmake.task.cmake.build:Building CMake package in '/home/ram/projects/dof_ws/src/dof_description'
[0.565s] INFO:colcon.colcon_core.plugin_system:Skipping extension 'colcon_core.shell.bat': Not used on non-Windows systems
[0.565s] INFO:colcon.colcon_core.shell:Skip shell extension 'powershell' for command environment: Not usable outside of PowerShell
[0.565s] DEBUG:colcon.colcon_core.shell:Skip shell extension 'dsv' for command environment
[0.585s] DEBUG:colcon.colcon_core.event_handler.log_command:Invoking command in '/home/ram/projects/dof_ws/build/dof_description': CMAKE_PREFIX_PATH=${CMAKE_PREFIX_PATH}:/opt/ros/jazzy DEBUGINFOD_URLS=https://debuginfod.ubuntu.com /usr/bin/cmake --build /home/ram/projects/dof_ws/build/dof_description -- -j8 -l8
[0.662s] DEBUG:colcon.colcon_core.event_handler.log_command:Invoked command in '/home/ram/projects/dof_ws/build/dof_description' returned '0': CMAKE_PREFIX_PATH=${CMAKE_PREFIX_PATH}:/opt/ros/jazzy DEBUGINFOD_URLS=https://debuginfod.ubuntu.com /usr/bin/cmake --build /home/ram/projects/dof_ws/build/dof_description -- -j8 -l8
[0.682s] DEBUG:colcon.colcon_core.event_handler.log_command:Invoking command in '/home/ram/projects/dof_ws/build/dof_description': CMAKE_PREFIX_PATH=${CMAKE_PREFIX_PATH}:/opt/ros/jazzy DEBUGINFOD_URLS=https://debuginfod.ubuntu.com /usr/bin/cmake --install /home/ram/projects/dof_ws/build/dof_description
[0.733s] Level 1:colcon.colcon_core.environment:create_environment_scripts_only(dof_description)
[0.734s] DEBUG:colcon.colcon_core.event_handler.log_command:Invoked command in '/home/ram/projects/dof_ws/build/dof_description' returned '0': CMAKE_PREFIX_PATH=${CMAKE_PREFIX_PATH}:/opt/ros/jazzy DEBUGINFOD_URLS=https://debuginfod.ubuntu.com /usr/bin/cmake --install /home/ram/projects/dof_ws/build/dof_description
[0.738s] Level 1:colcon.colcon_core.environment:checking '/home/ram/projects/dof_ws/install/dof_description' for CMake module files
[0.740s] Level 1:colcon.colcon_core.environment:checking '/home/ram/projects/dof_ws/install/dof_description' for CMake config files
[0.741s] Level 1:colcon.colcon_core.shell:create_environment_hook('dof_description', 'cmake_prefix_path')
[0.741s] INFO:colcon.colcon_core.shell:Creating environment hook '/home/ram/projects/dof_ws/install/dof_description/share/dof_description/hook/cmake_prefix_path.ps1'
[0.742s] INFO:colcon.colcon_core.shell:Creating environment descriptor '/home/ram/projects/dof_ws/install/dof_description/share/dof_description/hook/cmake_prefix_path.dsv'
[0.743s] INFO:colcon.colcon_core.shell:Creating environment hook '/home/ram/projects/dof_ws/install/dof_description/share/dof_description/hook/cmake_prefix_path.sh'
[0.744s] Level 1:colcon.colcon_core.environment:checking '/home/ram/projects/dof_ws/install/dof_description/bin'
[0.744s] Level 1:colcon.colcon_core.environment:checking '/home/ram/projects/dof_ws/install/dof_description/lib/pkgconfig/dof_description.pc'
[0.745s] Level 1:colcon.colcon_core.environment:checking '/home/ram/projects/dof_ws/install/dof_description/lib/python3.12/site-packages'
[0.745s] Level 1:colcon.colcon_core.environment:checking '/home/ram/projects/dof_ws/install/dof_description/bin'
[0.746s] INFO:colcon.colcon_core.shell:Creating package script '/home/ram/projects/dof_ws/install/dof_description/share/dof_description/package.ps1'
[0.747s] INFO:colcon.colcon_core.shell:Creating package descriptor '/home/ram/projects/dof_ws/install/dof_description/share/dof_description/package.dsv'
[0.748s] INFO:colcon.colcon_core.shell:Creating package script '/home/ram/projects/dof_ws/install/dof_description/share/dof_description/package.sh'
[0.750s] INFO:colcon.colcon_core.shell:Creating package script '/home/ram/projects/dof_ws/install/dof_description/share/dof_description/package.bash'
[0.751s] INFO:colcon.colcon_core.shell:Creating package script '/home/ram/projects/dof_ws/install/dof_description/share/dof_description/package.zsh'
[0.753s] Level 1:colcon.colcon_core.environment:create_file_with_runtime_dependencies(/home/ram/projects/dof_ws/install/dof_description/share/colcon-core/packages/dof_description)
[0.754s] Level 1:colcon.colcon_core.environment:create_environment_scripts_only(dof_description)
[0.754s] Level 1:colcon.colcon_core.environment:checking '/home/ram/projects/dof_ws/install/dof_description' for CMake module files
[0.756s] Level 1:colcon.colcon_core.environment:checking '/home/ram/projects/dof_ws/install/dof_description' for CMake config files
[0.757s] Level 1:colcon.colcon_core.shell:create_environment_hook('dof_description', 'cmake_prefix_path')
[0.757s] INFO:colcon.colcon_core.shell:Creating environment hook '/home/ram/projects/dof_ws/install/dof_description/share/dof_description/hook/cmake_prefix_path.ps1'
[0.758s] INFO:colcon.colcon_core.shell:Creating environment descriptor '/home/ram/projects/dof_ws/install/dof_description/share/dof_description/hook/cmake_prefix_path.dsv'
[0.758s] INFO:colcon.colcon_core.shell:Creating environment hook '/home/ram/projects/dof_ws/install/dof_description/share/dof_description/hook/cmake_prefix_path.sh'
[0.759s] Level 1:colcon.colcon_core.environment:checking '/home/ram/projects/dof_ws/install/dof_description/bin'
[0.760s] Level 1:colcon.colcon_core.environment:checking '/home/ram/projects/dof_ws/install/dof_description/lib/pkgconfig/dof_description.pc'
[0.760s] Level 1:colcon.colcon_core.environment:checking '/home/ram/projects/dof_ws/install/dof_description/lib/python3.12/site-packages'
[0.760s] Level 1:colcon.colcon_core.environment:checking '/home/ram/projects/dof_ws/install/dof_description/bin'
[0.761s] INFO:colcon.colcon_core.shell:Creating package script '/home/ram/projects/dof_ws/install/dof_description/share/dof_description/package.ps1'
[0.762s] INFO:colcon.colcon_core.shell:Creating package descriptor '/home/ram/projects/dof_ws/install/dof_description/share/dof_description/package.dsv'
[0.763s] INFO:colcon.colcon_core.shell:Creating package script '/home/ram/projects/dof_ws/install/dof_description/share/dof_description/package.sh'
[0.763s] INFO:colcon.colcon_core.shell:Creating package script '/home/ram/projects/dof_ws/install/dof_description/share/dof_description/package.bash'
[0.764s] INFO:colcon.colcon_core.shell:Creating package script '/home/ram/projects/dof_ws/install/dof_description/share/dof_description/package.zsh'
[0.765s] Level 1:colcon.colcon_core.environment:create_file_with_runtime_dependencies(/home/ram/projects/dof_ws/install/dof_description/share/colcon-core/packages/dof_description)
[0.765s] INFO:colcon.colcon_ros.task.ament_cmake.build:Building ROS package in '/home/ram/projects/dof_ws/src/dof_moveit_config' with build type 'ament_cmake'
[0.765s] INFO:colcon.colcon_cmake.task.cmake.build:Building CMake package in '/home/ram/projects/dof_ws/src/dof_moveit_config'
[0.766s] INFO:colcon.colcon_core.shell:Skip shell extension 'powershell' for command environment: Not usable outside of PowerShell
[0.766s] DEBUG:colcon.colcon_core.shell:Skip shell extension 'dsv' for command environment
[0.786s] DEBUG:colcon.colcon_core.event_handler.log_command:Invoking command in '/home/ram/projects/dof_ws/build/dof_moveit_config': CMAKE_PREFIX_PATH=/home/ram/projects/dof_ws/install/dof_description:/home/ram/projects/dof_ws/install/dof_moveit_config:/home/ram/projects/arm_ws/install/arm2_moveit_config:/home/ram/projects/arm_ws/install/arm2_description:/opt/ros/jazzy/opt/gz_sim_vendor:/opt/ros/jazzy/opt/gz_sensors_vendor:/opt/ros/jazzy/opt/gz_physics_vendor:/opt/ros/jazzy/opt/sdformat_vendor:/opt/ros/jazzy/opt/gz_gui_vendor:/opt/ros/jazzy/opt/gz_transport_vendor:/opt/ros/jazzy/opt/gz_rendering_vendor:/opt/ros/jazzy/opt/gz_plugin_vendor:/opt/ros/jazzy/opt/gz_fuel_tools_vendor:/opt/ros/jazzy/opt/gz_msgs_vendor:/opt/ros/jazzy/opt/gz_common_vendor:/opt/ros/jazzy/opt/gz_math_vendor:/opt/ros/jazzy/opt/gz_utils_vendor:/opt/ros/jazzy/opt/gz_tools_vendor:/opt/ros/jazzy/opt/gz_ogre_next_vendor:/opt/ros/jazzy/opt/gz_dartsim_vendor:/opt/ros/jazzy/opt/gz_cmake_vendor:/opt/ros/jazzy DEBUGINFOD_URLS=https://debuginfod.ubuntu.com /usr/bin/cmake --build /home/ram/projects/dof_ws/build/dof_moveit_config -- -j8 -l8
[0.864s] DEBUG:colcon.colcon_core.event_handler.log_command:Invoked command in '/home/ram/projects/dof_ws/build/dof_moveit_config' returned '0': CMAKE_PREFIX_PATH=/home/ram/projects/dof_ws/install/dof_description:/home/ram/projects/dof_ws/install/dof_moveit_config:/home/ram/projects/arm_ws/install/arm2_moveit_config:/home/ram/projects/arm_ws/install/arm2_description:/opt/ros/jazzy/opt/gz_sim_vendor:/opt/ros/jazzy/opt/gz_sensors_vendor:/opt/ros/jazzy/opt/gz_physics_vendor:/opt/ros/jazzy/opt/sdformat_vendor:/opt/ros/jazzy/opt/gz_gui_vendor:/opt/ros/jazzy/opt/gz_transport_vendor:/opt/ros/jazzy/opt/gz_rendering_vendor:/opt/ros/jazzy/opt/gz_plugin_vendor:/opt/ros/jazzy/opt/gz_fuel_tools_vendor:/opt/ros/jazzy/opt/gz_msgs_vendor:/opt/ros/jazzy/opt/gz_common_vendor:/opt/ros/jazzy/opt/gz_math_vendor:/opt/ros/jazzy/opt/gz_utils_vendor:/opt/ros/jazzy/opt/gz_tools_vendor:/opt/ros/jazzy/opt/gz_ogre_next_vendor:/opt/ros/jazzy/opt/gz_dartsim_vendor:/opt/ros/jazzy/opt/gz_cmake_vendor:/opt/ros/jazzy DEBUGINFOD_URLS=https://debuginfod.ubuntu.com /usr/bin/cmake --build /home/ram/projects/dof_ws/build/dof_moveit_config -- -j8 -l8
[0.866s] DEBUG:colcon.colcon_core.event_handler.log_command:Invoking command in '/home/ram/projects/dof_ws/build/dof_moveit_config': CMAKE_PREFIX_PATH=/home/ram/projects/dof_ws/install/dof_description:/home/ram/projects/dof_ws/install/dof_moveit_config:/home/ram/projects/arm_ws/install/arm2_moveit_config:/home/ram/projects/arm_ws/install/arm2_description:/opt/ros/jazzy/opt/gz_sim_vendor:/opt/ros/jazzy/opt/gz_sensors_vendor:/opt/ros/jazzy/opt/gz_physics_vendor:/opt/ros/jazzy/opt/sdformat_vendor:/opt/ros/jazzy/opt/gz_gui_vendor:/opt/ros/jazzy/opt/gz_transport_vendor:/opt/ros/jazzy/opt/gz_rendering_vendor:/opt/ros/jazzy/opt/gz_plugin_vendor:/opt/ros/jazzy/opt/gz_fuel_tools_vendor:/opt/ros/jazzy/opt/gz_msgs_vendor:/opt/ros/jazzy/opt/gz_common_vendor:/opt/ros/jazzy/opt/gz_math_vendor:/opt/ros/jazzy/opt/gz_utils_vendor:/opt/ros/jazzy/opt/gz_tools_vendor:/opt/ros/jazzy/opt/gz_ogre_next_vendor:/opt/ros/jazzy/opt/gz_dartsim_vendor:/opt/ros/jazzy/opt/gz_cmake_vendor:/opt/ros/jazzy DEBUGINFOD_URLS=https://debuginfod.ubuntu.com /usr/bin/cmake --install /home/ram/projects/dof_ws/build/dof_moveit_config
[0.960s] Level 1:colcon.colcon_core.environment:create_environment_scripts_only(dof_moveit_config)
[0.960s] Level 1:colcon.colcon_core.environment:checking '/home/ram/projects/dof_ws/install/dof_moveit_config' for CMake module files
[0.961s] DEBUG:colcon.colcon_core.event_handler.log_command:Invoked command in '/home/ram/projects/dof_ws/build/dof_moveit_config' returned '0': CMAKE_PREFIX_PATH=/home/ram/projects/dof_ws/install/dof_description:/home/ram/projects/dof_ws/install/dof_moveit_config:/home/ram/projects/arm_ws/install/arm2_moveit_config:/home/ram/projects/arm_ws/install/arm2_description:/opt/ros/jazzy/opt/gz_sim_vendor:/opt/ros/jazzy/opt/gz_sensors_vendor:/opt/ros/jazzy/opt/gz_physics_vendor:/opt/ros/jazzy/opt/sdformat_vendor:/opt/ros/jazzy/opt/gz_gui_vendor:/opt/ros/jazzy/opt/gz_transport_vendor:/opt/ros/jazzy/opt/gz_rendering_vendor:/opt/ros/jazzy/opt/gz_plugin_vendor:/opt/ros/jazzy/opt/gz_fuel_tools_vendor:/opt/ros/jazzy/opt/gz_msgs_vendor:/opt/ros/jazzy/opt/gz_common_vendor:/opt/ros/jazzy/opt/gz_math_vendor:/opt/ros/jazzy/opt/gz_utils_vendor:/opt/ros/jazzy/opt/gz_tools_vendor:/opt/ros/jazzy/opt/gz_ogre_next_vendor:/opt/ros/jazzy/opt/gz_dartsim_vendor:/opt/ros/jazzy/opt/gz_cmake_vendor:/opt/ros/jazzy DEBUGINFOD_URLS=https://debuginfod.ubuntu.com /usr/bin/cmake --install /home/ram/projects/dof_ws/build/dof_moveit_config
[0.962s] Level 1:colcon.colcon_core.environment:checking '/home/ram/projects/dof_ws/install/dof_moveit_config' for CMake config files
[0.962s] Level 1:colcon.colcon_core.shell:create_environment_hook('dof_moveit_config', 'cmake_prefix_path')
[0.963s] INFO:colcon.colcon_core.shell:Creating environment hook '/home/ram/projects/dof_ws/install/dof_moveit_config/share/dof_moveit_config/hook/cmake_prefix_path.ps1'
[0.963s] INFO:colcon.colcon_core.shell:Creating environment descriptor '/home/ram/projects/dof_ws/install/dof_moveit_config/share/dof_moveit_config/hook/cmake_prefix_path.dsv'
[0.964s] INFO:colcon.colcon_core.shell:Creating environment hook '/home/ram/projects/dof_ws/install/dof_moveit_config/share/dof_moveit_config/hook/cmake_prefix_path.sh'
[0.965s] Level 1:colcon.colcon_core.environment:checking '/home/ram/projects/dof_ws/install/dof_moveit_config/bin'
[0.965s] Level 1:colcon.colcon_core.environment:checking '/home/ram/projects/dof_ws/install/dof_moveit_config/lib/pkgconfig/dof_moveit_config.pc'
[0.966s] Level 1:colcon.colcon_core.environment:checking '/home/ram/projects/dof_ws/install/dof_moveit_config/lib/python3.12/site-packages'
[0.966s] Level 1:colcon.colcon_core.environment:checking '/home/ram/projects/dof_ws/install/dof_moveit_config/bin'
[0.966s] INFO:colcon.colcon_core.shell:Creating package script '/home/ram/projects/dof_ws/install/dof_moveit_config/share/dof_moveit_config/package.ps1'
[0.967s] INFO:colcon.colcon_core.shell:Creating package descriptor '/home/ram/projects/dof_ws/install/dof_moveit_config/share/dof_moveit_config/package.dsv'
[0.968s] INFO:colcon.colcon_core.shell:Creating package script '/home/ram/projects/dof_ws/install/dof_moveit_config/share/dof_moveit_config/package.sh'
[0.969s] INFO:colcon.colcon_core.shell:Creating package script '/home/ram/projects/dof_ws/install/dof_moveit_config/share/dof_moveit_config/package.bash'
[0.970s] INFO:colcon.colcon_core.shell:Creating package script '/home/ram/projects/dof_ws/install/dof_moveit_config/share/dof_moveit_config/package.zsh'
[0.971s] Level 1:colcon.colcon_core.environment:create_file_with_runtime_dependencies(/home/ram/projects/dof_ws/install/dof_moveit_config/share/colcon-core/packages/dof_moveit_config)
[0.972s] Level 1:colcon.colcon_core.environment:create_environment_scripts_only(dof_moveit_config)
[0.972s] Level 1:colcon.colcon_core.environment:checking '/home/ram/projects/dof_ws/install/dof_moveit_config' for CMake module files
[0.973s] Level 1:colcon.colcon_core.environment:checking '/home/ram/projects/dof_ws/install/dof_moveit_config' for CMake config files
[0.974s] Level 1:colcon.colcon_core.shell:create_environment_hook('dof_moveit_config', 'cmake_prefix_path')
[0.974s] INFO:colcon.colcon_core.shell:Creating environment hook '/home/ram/projects/dof_ws/install/dof_moveit_config/share/dof_moveit_config/hook/cmake_prefix_path.ps1'
[0.975s] INFO:colcon.colcon_core.shell:Creating environment descriptor '/home/ram/projects/dof_ws/install/dof_moveit_config/share/dof_moveit_config/hook/cmake_prefix_path.dsv'
[0.976s] INFO:colcon.colcon_core.shell:Creating environment hook '/home/ram/projects/dof_ws/install/dof_moveit_config/share/dof_moveit_config/hook/cmake_prefix_path.sh'
[0.977s] Level 1:colcon.colcon_core.environment:checking '/home/ram/projects/dof_ws/install/dof_moveit_config/bin'
[0.977s] Level 1:colcon.colcon_core.environment:checking '/home/ram/projects/dof_ws/install/dof_moveit_config/lib/pkgconfig/dof_moveit_config.pc'
[0.978s] Level 1:colcon.colcon_core.environment:checking '/home/ram/projects/dof_ws/install/dof_moveit_config/lib/python3.12/site-packages'
[0.978s] Level 1:colcon.colcon_core.environment:checking '/home/ram/projects/dof_ws/install/dof_moveit_config/bin'
[0.979s] INFO:colcon.colcon_core.shell:Creating package script '/home/ram/projects/dof_ws/install/dof_moveit_config/share/dof_moveit_config/package.ps1'
[0.980s] INFO:colcon.colcon_core.shell:Creating package descriptor '/home/ram/projects/dof_ws/install/dof_moveit_config/share/dof_moveit_config/package.dsv'
[0.981s] INFO:colcon.colcon_core.shell:Creating package script '/home/ram/projects/dof_ws/install/dof_moveit_config/share/dof_moveit_config/package.sh'
[0.982s] INFO:colcon.colcon_core.shell:Creating package script '/home/ram/projects/dof_ws/install/dof_moveit_config/share/dof_moveit_config/package.bash'
[0.983s] INFO:colcon.colcon_core.shell:Creating package script '/home/ram/projects/dof_ws/install/dof_moveit_config/share/dof_moveit_config/package.zsh'
[0.984s] Level 1:colcon.colcon_core.environment:create_file_with_runtime_dependencies(/home/ram/projects/dof_ws/install/dof_moveit_config/share/colcon-core/packages/dof_moveit_config)
[0.984s] DEBUG:colcon.colcon_parallel_executor.executor.parallel:closing loop
[0.985s] DEBUG:colcon.colcon_parallel_executor.executor.parallel:loop closed
[0.985s] DEBUG:colcon.colcon_parallel_executor.executor.parallel:run_until_complete finished with '0'
[0.986s] DEBUG:colcon.colcon_core.event_reactor:joining thread
[0.996s] INFO:colcon.colcon_core.plugin_system:Skipping extension 'colcon_notification.desktop_notification.terminal_notifier': Not used on non-Darwin systems
[0.996s] INFO:colcon.colcon_core.plugin_system:Skipping extension 'colcon_notification.desktop_notification.win32': Not used on non-Windows systems
[0.996s] INFO:colcon.colcon_notification.desktop_notification:Sending desktop notification using 'notify2'
[1.017s] DEBUG:colcon.colcon_core.event_reactor:joined thread
[1.018s] INFO:colcon.colcon_core.shell:Creating prefix script '/home/ram/projects/dof_ws/install/local_setup.ps1'
[1.020s] INFO:colcon.colcon_core.shell:Creating prefix util module '/home/ram/projects/dof_ws/install/_local_setup_util_ps1.py'
[1.023s] INFO:colcon.colcon_core.shell:Creating prefix chain script '/home/ram/projects/dof_ws/install/setup.ps1'
[1.025s] INFO:colcon.colcon_core.shell:Creating prefix script '/home/ram/projects/dof_ws/install/local_setup.sh'
[1.026s] INFO:colcon.colcon_core.shell:Creating prefix util module '/home/ram/projects/dof_ws/install/_local_setup_util_sh.py'
[1.026s] INFO:colcon.colcon_core.shell:Creating prefix chain script '/home/ram/projects/dof_ws/install/setup.sh'
[1.028s] INFO:colcon.colcon_core.shell:Creating prefix script '/home/ram/projects/dof_ws/install/local_setup.bash'
[1.029s] INFO:colcon.colcon_core.shell:Creating prefix chain script '/home/ram/projects/dof_ws/install/setup.bash'
[1.031s] INFO:colcon.colcon_core.shell:Creating prefix script '/home/ram/projects/dof_ws/install/local_setup.zsh'
[1.032s] INFO:colcon.colcon_core.shell:Creating prefix chain script '/home/ram/projects/dof_ws/install/setup.zsh'
