[0.014s] Invoking command in '/home/ram/projects/dof_ws/build/dof_description': CMAKE_PREFIX_PATH=${CMAKE_PREFIX_PATH}:/home/ram/projects/dof_ws/install/ros_tcp_endpoint:/opt/ros/jazzy DEBUGINFOD_URLS=https://debuginfod.ubuntu.com /usr/bin/cmake --build /home/ram/projects/dof_ws/build/dof_description -- -j8 -l8
[0.044s] -- Found ament_cmake: 2.5.4 (/opt/ros/jazzy/share/ament_cmake/cmake)
[0.266s] -- Override CMake install command with custom implementation using symlinks instead of copying resources
[0.281s] -- Found rclcpp: 28.1.12 (/opt/ros/jazzy/share/rclcpp/cmake)
[0.320s] -- Found rosidl_generator_c: 4.6.6 (/opt/ros/jazzy/share/rosidl_generator_c/cmake)
[0.332s] -- Found rosidl_generator_cpp: 4.6.6 (/opt/ros/jazzy/share/rosidl_generator_cpp/cmake)
[0.347s] -- Using all available rosidl_typesupport_c: rosidl_typesupport_fastrtps_c;rosidl_typesupport_introspection_c
[0.364s] -- Using all available rosidl_typesupport_cpp: rosidl_typesupport_fastrtps_cpp;rosidl_typesupport_introspection_cpp
[0.442s] -- Found rmw_implementation_cmake: 7.3.2 (/opt/ros/jazzy/share/rmw_implementation_cmake/cmake)
[0.444s] -- Found rmw_fastrtps_cpp: 8.4.3 (/opt/ros/jazzy/share/rmw_fastrtps_cpp/cmake)
[0.521s] -- Using RMW implementation 'rmw_fastrtps_cpp' as default
[0.602s] -- Found std_msgs: 5.3.6 (/opt/ros/jazzy/share/std_msgs/cmake)
[0.619s] -- Found trajectory_msgs: 5.3.6 (/opt/ros/jazzy/share/trajectory_msgs/cmake)
[0.665s] -- Found ament_lint_auto: 0.17.3 (/opt/ros/jazzy/share/ament_lint_auto/cmake)
[0.769s] -- Added test 'flake8' to check Python code syntax and style conventions
[0.770s] -- Configured 'flake8' exclude dirs and/or files: 
[0.770s] -- Added test 'lint_cmake' to check CMake code style
[0.770s] -- Added test 'pep257' to check Python code against some of the docstring style conventions in PEP 257
[0.772s] -- Added test 'xmllint' to check XML markup files
[0.774s] -- Configuring done (0.7s)
[0.780s] -- Generating done (0.0s)
[0.783s] -- Build files have been written to: /home/ram/projects/dof_ws/build/dof_description
[0.812s] Invoked command in '/home/ram/projects/dof_ws/build/dof_description' returned '0': CMAKE_PREFIX_PATH=${CMAKE_PREFIX_PATH}:/home/ram/projects/dof_ws/install/ros_tcp_endpoint:/opt/ros/jazzy DEBUGINFOD_URLS=https://debuginfod.ubuntu.com /usr/bin/cmake --build /home/ram/projects/dof_ws/build/dof_description -- -j8 -l8
[0.823s] Invoking command in '/home/ram/projects/dof_ws/build/dof_description': CMAKE_PREFIX_PATH=${CMAKE_PREFIX_PATH}:/home/ram/projects/dof_ws/install/ros_tcp_endpoint:/opt/ros/jazzy DEBUGINFOD_URLS=https://debuginfod.ubuntu.com /usr/bin/cmake --install /home/ram/projects/dof_ws/build/dof_description
[0.831s] -- Install configuration: ""
[0.831s] -- Execute custom install script
[0.832s] -- Up-to-date symlink: /home/ram/projects/dof_ws/install/dof_description/share/dof_description/urdf/dof.xacro
[0.832s] -- Up-to-date symlink: /home/ram/projects/dof_ws/install/dof_description/share/dof_description/urdf/materials.xacro
[0.832s] -- Up-to-date symlink: /home/ram/projects/dof_ws/install/dof_description/share/dof_description/meshes/base_link.stl
[0.832s] -- Up-to-date symlink: /home/ram/projects/dof_ws/install/dof_description/share/dof_description/meshes/link_1_1.stl
[0.833s] -- Up-to-date symlink: /home/ram/projects/dof_ws/install/dof_description/share/dof_description/meshes/link_2_1.stl
[0.833s] -- Up-to-date symlink: /home/ram/projects/dof_ws/install/dof_description/share/dof_description/meshes/link_3_1.stl
[0.833s] -- Up-to-date symlink: /home/ram/projects/dof_ws/install/dof_description/share/dof_description/meshes/link_4_1.stl
[0.833s] -- Up-to-date symlink: /home/ram/projects/dof_ws/install/dof_description/share/dof_description/meshes/link_5_1.stl
[0.833s] -- Up-to-date symlink: /home/ram/projects/dof_ws/install/dof_description/share/dof_description/meshes/link_6_1.stl
[0.833s] -- Up-to-date symlink: /home/ram/projects/dof_ws/install/dof_description/share/dof_description/meshes/link_7_1.stl
[0.833s] -- Up-to-date symlink: /home/ram/projects/dof_ws/install/dof_description/share/dof_description/meshes/link_8_1.stl
[0.833s] -- Up-to-date symlink: /home/ram/projects/dof_ws/install/dof_description/share/dof_description/launch/display.launch.py
[0.834s] -- Up-to-date symlink: /home/ram/projects/dof_ws/install/dof_description/share/dof_description/launch/gazebo.launch.py
[0.834s] -- Up-to-date symlink: /home/ram/projects/dof_ws/install/dof_description/share/ament_index/resource_index/package_run_dependencies/dof_description
[0.834s] -- Up-to-date symlink: /home/ram/projects/dof_ws/install/dof_description/share/ament_index/resource_index/parent_prefix_path/dof_description
[0.834s] -- Up-to-date symlink: /home/ram/projects/dof_ws/install/dof_description/share/dof_description/environment/ament_prefix_path.sh
[0.834s] -- Up-to-date symlink: /home/ram/projects/dof_ws/install/dof_description/share/dof_description/environment/ament_prefix_path.dsv
[0.834s] -- Up-to-date symlink: /home/ram/projects/dof_ws/install/dof_description/share/dof_description/environment/path.sh
[0.834s] -- Up-to-date symlink: /home/ram/projects/dof_ws/install/dof_description/share/dof_description/environment/path.dsv
[0.835s] -- Up-to-date symlink: /home/ram/projects/dof_ws/install/dof_description/share/dof_description/local_setup.bash
[0.835s] -- Up-to-date symlink: /home/ram/projects/dof_ws/install/dof_description/share/dof_description/local_setup.sh
[0.835s] -- Up-to-date symlink: /home/ram/projects/dof_ws/install/dof_description/share/dof_description/local_setup.zsh
[0.835s] -- Up-to-date symlink: /home/ram/projects/dof_ws/install/dof_description/share/dof_description/local_setup.dsv
[0.835s] -- Symlinking: /home/ram/projects/dof_ws/install/dof_description/share/dof_description/package.dsv
[0.845s] -- Up-to-date symlink: /home/ram/projects/dof_ws/install/dof_description/share/ament_index/resource_index/packages/dof_description
[0.845s] -- Up-to-date symlink: /home/ram/projects/dof_ws/install/dof_description/share/dof_description/cmake/dof_descriptionConfig.cmake
[0.846s] -- Up-to-date symlink: /home/ram/projects/dof_ws/install/dof_description/share/dof_description/cmake/dof_descriptionConfig-version.cmake
[0.846s] -- Up-to-date symlink: /home/ram/projects/dof_ws/install/dof_description/share/dof_description/package.xml
[0.848s] Invoked command in '/home/ram/projects/dof_ws/build/dof_description' returned '0': CMAKE_PREFIX_PATH=${CMAKE_PREFIX_PATH}:/home/ram/projects/dof_ws/install/ros_tcp_endpoint:/opt/ros/jazzy DEBUGINFOD_URLS=https://debuginfod.ubuntu.com /usr/bin/cmake --install /home/ram/projects/dof_ws/build/dof_description
