[0.842s] Invoking command in '/home/ram/projects/dof_ws/build/ros_tcp_endpoint': DEBUGINFOD_URLS=https://debuginfod.ubuntu.com PYTHONPATH=/home/ram/projects/dof_ws/build/ros_tcp_endpoint/prefix_override:/usr/lib/python3/dist-packages/colcon_core/task/python/colcon_distutils_commands:/home/ram/projects/dof_ws/install/ros_tcp_endpoint/lib/python3.12/site-packages:${PYTHONPATH} /usr/bin/python3 -W ignore:setup.py install is deprecated -W ignore:easy_install command is deprecated setup.py develop --editable --build-directory /home/ram/projects/dof_ws/build/ros_tcp_endpoint/build --no-deps symlink_data
[0.959s] /usr/lib/python3/dist-packages/setuptools/dist.py:744: SetuptoolsDeprecationWarning: Invalid dash-separated options
[0.959s] !!
[0.959s] 
[0.959s]         ********************************************************************************
[0.959s]         Usage of dash-separated 'script-dir' will not be supported in future
[0.959s]         versions. Please use the underscore name 'script_dir' instead.
[0.960s] 
[0.960s]         This deprecation is overdue, please update your project and remove deprecated
[0.960s]         calls to avoid build errors in the future.
[0.960s] 
[0.960s]         See https://setuptools.pypa.io/en/latest/userguide/declarative_config.html for details.
[0.960s]         ********************************************************************************
[0.960s] 
[0.960s] !!
[0.960s]   opt = self.warn_dash_deprecation(opt, section)
[1.169s] running develop
[1.394s] running egg_info
[1.415s] writing ros_tcp_endpoint.egg-info/PKG-INFO
[1.416s] writing dependency_links to ros_tcp_endpoint.egg-info/dependency_links.txt
[1.416s] writing entry points to ros_tcp_endpoint.egg-info/entry_points.txt
[1.416s] writing requirements to ros_tcp_endpoint.egg-info/requires.txt
[1.416s] writing top-level names to ros_tcp_endpoint.egg-info/top_level.txt
[1.461s] reading manifest file 'ros_tcp_endpoint.egg-info/SOURCES.txt'
[1.462s] writing manifest file 'ros_tcp_endpoint.egg-info/SOURCES.txt'
[1.484s] running build_ext
[1.485s] Creating /home/ram/projects/dof_ws/install/ros_tcp_endpoint/lib/python3.12/site-packages/ros-tcp-endpoint.egg-link (link to .)
[1.485s] Installing default_server_endpoint script to /home/ram/projects/dof_ws/install/ros_tcp_endpoint/lib/ros_tcp_endpoint
[1.485s] 
[1.485s] Installed /home/ram/projects/dof_ws/build/ros_tcp_endpoint
[1.486s] running symlink_data
[1.513s] Invoked command in '/home/ram/projects/dof_ws/build/ros_tcp_endpoint' returned '0': DEBUGINFOD_URLS=https://debuginfod.ubuntu.com PYTHONPATH=/home/ram/projects/dof_ws/build/ros_tcp_endpoint/prefix_override:/usr/lib/python3/dist-packages/colcon_core/task/python/colcon_distutils_commands:/home/ram/projects/dof_ws/install/ros_tcp_endpoint/lib/python3.12/site-packages:${PYTHONPATH} /usr/bin/python3 -W ignore:setup.py install is deprecated -W ignore:easy_install command is deprecated setup.py develop --editable --build-directory /home/ram/projects/dof_ws/build/ros_tcp_endpoint/build --no-deps symlink_data
