[0.167s] DEBUG:colcon:Command line arguments: ['/usr/bin/colcon', 'build', '--symlink-install']
[0.167s] DEBUG:colcon:Parsed command line arguments: Namespace(log_base=None, log_level=None, verb_name='build', build_base='build', install_base='install', merge_install=False, symlink_install=True, test_result_base=None, continue_on_error=False, executor='parallel', parallel_workers=8, event_handlers=None, ignore_user_meta=False, metas=['./colcon.meta'], base_paths=['.'], packages_ignore=None, packages_ignore_regex=None, paths=None, packages_up_to=None, packages_up_to_regex=None, packages_above=None, packages_above_and_dependencies=None, packages_above_depth=None, packages_select_by_dep=None, packages_skip_by_dep=None, packages_skip_up_to=None, packages_select_build_failed=False, packages_skip_build_finished=False, packages_select_test_failures=False, packages_skip_test_passed=False, packages_select=None, packages_skip=None, packages_select_regex=None, packages_skip_regex=None, packages_start=None, packages_end=None, allow_overriding=[], cmake_args=None, cmake_target=None, cmake_target_skip_unavailable=False, cmake_clean_cache=False, cmake_clean_first=False, cmake_force_configure=False, ament_cmake_args=None, catkin_cmake_args=None, catkin_skip_building_tests=False, mixin_files=None, mixin=None, verb_parser=<colcon_mixin.mixin.mixin_argument.MixinArgumentDecorator object at 0x76b7cd89cf20>, verb_extension=<colcon_core.verb.build.BuildVerb object at 0x76b7cd89cbc0>, main=<bound method BuildVerb.main of <colcon_core.verb.build.BuildVerb object at 0x76b7cd89cbc0>>, mixin_verb=('build',))
[0.224s] Level 1:colcon.colcon_core.package_discovery:discover_packages(colcon_meta) check parameters
[0.224s] Level 1:colcon.colcon_core.package_discovery:discover_packages(recursive) check parameters
[0.224s] Level 1:colcon.colcon_core.package_discovery:discover_packages(ignore) check parameters
[0.224s] Level 1:colcon.colcon_core.package_discovery:discover_packages(path) check parameters
[0.224s] Level 1:colcon.colcon_core.package_discovery:discover_packages(colcon_meta) discover
[0.225s] Level 1:colcon.colcon_core.package_discovery:discover_packages(recursive) discover
[0.225s] INFO:colcon.colcon_core.package_discovery:Crawling recursively for packages in '/home/ram/projects/dof_ws'
[0.225s] Level 1:colcon.colcon_core.package_identification:_identify(.) by extensions ['ignore', 'ignore_ament_install']
[0.225s] Level 1:colcon.colcon_core.package_identification:_identify(.) by extension 'ignore'
[0.225s] Level 1:colcon.colcon_core.package_identification:_identify(.) by extension 'ignore_ament_install'
[0.225s] Level 1:colcon.colcon_core.package_identification:_identify(.) by extensions ['colcon_pkg']
[0.225s] Level 1:colcon.colcon_core.package_identification:_identify(.) by extension 'colcon_pkg'
[0.225s] Level 1:colcon.colcon_core.package_identification:_identify(.) by extensions ['colcon_meta']
[0.225s] Level 1:colcon.colcon_core.package_identification:_identify(.) by extension 'colcon_meta'
[0.225s] Level 1:colcon.colcon_core.package_identification:_identify(.) by extensions ['ros']
[0.225s] Level 1:colcon.colcon_core.package_identification:_identify(.) by extension 'ros'
[0.263s] Level 1:colcon.colcon_core.package_identification:_identify(.) by extensions ['cmake', 'python']
[0.263s] Level 1:colcon.colcon_core.package_identification:_identify(.) by extension 'cmake'
[0.263s] Level 1:colcon.colcon_core.package_identification:_identify(.) by extension 'python'
[0.263s] Level 1:colcon.colcon_core.package_identification:_identify(.) by extensions ['python_setup_py']
[0.263s] Level 1:colcon.colcon_core.package_identification:_identify(.) by extension 'python_setup_py'
[0.263s] Level 1:colcon.colcon_core.package_identification:_identify(build) by extensions ['ignore', 'ignore_ament_install']
[0.263s] Level 1:colcon.colcon_core.package_identification:_identify(build) by extension 'ignore'
[0.263s] Level 1:colcon.colcon_core.package_identification:_identify(build) ignored
[0.263s] Level 1:colcon.colcon_core.package_identification:_identify(install) by extensions ['ignore', 'ignore_ament_install']
[0.263s] Level 1:colcon.colcon_core.package_identification:_identify(install) by extension 'ignore'
[0.264s] Level 1:colcon.colcon_core.package_identification:_identify(install) ignored
[0.264s] Level 1:colcon.colcon_core.package_identification:_identify(log) by extensions ['ignore', 'ignore_ament_install']
[0.264s] Level 1:colcon.colcon_core.package_identification:_identify(log) by extension 'ignore'
[0.264s] Level 1:colcon.colcon_core.package_identification:_identify(log) ignored
[0.264s] Level 1:colcon.colcon_core.package_identification:_identify(src) by extensions ['ignore', 'ignore_ament_install']
[0.264s] Level 1:colcon.colcon_core.package_identification:_identify(src) by extension 'ignore'
[0.264s] Level 1:colcon.colcon_core.package_identification:_identify(src) by extension 'ignore_ament_install'
[0.264s] Level 1:colcon.colcon_core.package_identification:_identify(src) by extensions ['colcon_pkg']
[0.264s] Level 1:colcon.colcon_core.package_identification:_identify(src) by extension 'colcon_pkg'
[0.264s] Level 1:colcon.colcon_core.package_identification:_identify(src) by extensions ['colcon_meta']
[0.264s] Level 1:colcon.colcon_core.package_identification:_identify(src) by extension 'colcon_meta'
[0.265s] Level 1:colcon.colcon_core.package_identification:_identify(src) by extensions ['ros']
[0.265s] Level 1:colcon.colcon_core.package_identification:_identify(src) by extension 'ros'
[0.265s] Level 1:colcon.colcon_core.package_identification:_identify(src) by extensions ['cmake', 'python']
[0.265s] Level 1:colcon.colcon_core.package_identification:_identify(src) by extension 'cmake'
[0.265s] Level 1:colcon.colcon_core.package_identification:_identify(src) by extension 'python'
[0.265s] Level 1:colcon.colcon_core.package_identification:_identify(src) by extensions ['python_setup_py']
[0.265s] Level 1:colcon.colcon_core.package_identification:_identify(src) by extension 'python_setup_py'
[0.265s] Level 1:colcon.colcon_core.package_identification:_identify(src/dof_description) by extensions ['ignore', 'ignore_ament_install']
[0.265s] Level 1:colcon.colcon_core.package_identification:_identify(src/dof_description) by extension 'ignore'
[0.265s] Level 1:colcon.colcon_core.package_identification:_identify(src/dof_description) by extension 'ignore_ament_install'
[0.265s] Level 1:colcon.colcon_core.package_identification:_identify(src/dof_description) by extensions ['colcon_pkg']
[0.265s] Level 1:colcon.colcon_core.package_identification:_identify(src/dof_description) by extension 'colcon_pkg'
[0.265s] Level 1:colcon.colcon_core.package_identification:_identify(src/dof_description) by extensions ['colcon_meta']
[0.266s] Level 1:colcon.colcon_core.package_identification:_identify(src/dof_description) by extension 'colcon_meta'
[0.266s] Level 1:colcon.colcon_core.package_identification:_identify(src/dof_description) by extensions ['ros']
[0.266s] Level 1:colcon.colcon_core.package_identification:_identify(src/dof_description) by extension 'ros'
[0.269s] DEBUG:colcon.colcon_core.package_identification:Package 'src/dof_description' with type 'ros.ament_cmake' and name 'dof_description'
[0.269s] Level 1:colcon.colcon_core.package_discovery:discover_packages(recursive) using defaults
[0.269s] Level 1:colcon.colcon_core.package_discovery:discover_packages(ignore) discover
[0.269s] Level 1:colcon.colcon_core.package_discovery:discover_packages(ignore) using defaults
[0.269s] Level 1:colcon.colcon_core.package_discovery:discover_packages(path) discover
[0.269s] Level 1:colcon.colcon_core.package_discovery:discover_packages(path) using defaults
[0.294s] Level 1:colcon.colcon_core.package_discovery:discover_packages(prefix_path) check parameters
[0.294s] Level 1:colcon.colcon_core.package_discovery:discover_packages(prefix_path) discover
[0.299s] DEBUG:colcon.colcon_installed_package_information.package_discovery:Found 432 installed packages in /opt/ros/jazzy
[0.301s] Level 1:colcon.colcon_core.package_discovery:discover_packages(prefix_path) using defaults
[0.393s] Level 5:colcon.colcon_core.verb:set package 'dof_description' build argument 'cmake_args' from command line to 'None'
[0.393s] Level 5:colcon.colcon_core.verb:set package 'dof_description' build argument 'cmake_target' from command line to 'None'
[0.393s] Level 5:colcon.colcon_core.verb:set package 'dof_description' build argument 'cmake_target_skip_unavailable' from command line to 'False'
[0.393s] Level 5:colcon.colcon_core.verb:set package 'dof_description' build argument 'cmake_clean_cache' from command line to 'False'
[0.393s] Level 5:colcon.colcon_core.verb:set package 'dof_description' build argument 'cmake_clean_first' from command line to 'False'
[0.393s] Level 5:colcon.colcon_core.verb:set package 'dof_description' build argument 'cmake_force_configure' from command line to 'False'
[0.393s] Level 5:colcon.colcon_core.verb:set package 'dof_description' build argument 'ament_cmake_args' from command line to 'None'
[0.393s] Level 5:colcon.colcon_core.verb:set package 'dof_description' build argument 'catkin_cmake_args' from command line to 'None'
[0.393s] Level 5:colcon.colcon_core.verb:set package 'dof_description' build argument 'catkin_skip_building_tests' from command line to 'False'
[0.393s] DEBUG:colcon.colcon_core.verb:Building package 'dof_description' with the following arguments: {'ament_cmake_args': None, 'build_base': '/home/ram/projects/dof_ws/build/dof_description', 'catkin_cmake_args': None, 'catkin_skip_building_tests': False, 'cmake_args': None, 'cmake_clean_cache': False, 'cmake_clean_first': False, 'cmake_force_configure': False, 'cmake_target': None, 'cmake_target_skip_unavailable': False, 'install_base': '/home/ram/projects/dof_ws/install/dof_description', 'merge_install': False, 'path': '/home/ram/projects/dof_ws/src/dof_description', 'symlink_install': True, 'test_result_base': None}
[0.394s] INFO:colcon.colcon_core.executor:Executing jobs using 'parallel' executor
[0.395s] DEBUG:colcon.colcon_parallel_executor.executor.parallel:run_until_complete
[0.395s] INFO:colcon.colcon_ros.task.ament_cmake.build:Building ROS package in '/home/ram/projects/dof_ws/src/dof_description' with build type 'ament_cmake'
[0.395s] INFO:colcon.colcon_cmake.task.cmake.build:Building CMake package in '/home/ram/projects/dof_ws/src/dof_description'
[0.398s] INFO:colcon.colcon_core.plugin_system:Skipping extension 'colcon_core.shell.bat': Not used on non-Windows systems
[0.398s] INFO:colcon.colcon_core.shell:Skip shell extension 'powershell' for command environment: Not usable outside of PowerShell
[0.398s] DEBUG:colcon.colcon_core.shell:Skip shell extension 'dsv' for command environment
[0.409s] DEBUG:colcon.colcon_core.event_handler.log_command:Invoking command in '/home/ram/projects/dof_ws/build/dof_description': CMAKE_PREFIX_PATH=${CMAKE_PREFIX_PATH}:/opt/ros/jazzy DEBUGINFOD_URLS=https://debuginfod.ubuntu.com /usr/bin/cmake /home/ram/projects/dof_ws/src/dof_description -DAMENT_CMAKE_SYMLINK_INSTALL=1 -DCMAKE_INSTALL_PREFIX=/home/ram/projects/dof_ws/install/dof_description
[2.505s] DEBUG:colcon.colcon_core.event_handler.log_command:Invoked command in '/home/ram/projects/dof_ws/build/dof_description' returned '0': CMAKE_PREFIX_PATH=${CMAKE_PREFIX_PATH}:/opt/ros/jazzy DEBUGINFOD_URLS=https://debuginfod.ubuntu.com /usr/bin/cmake /home/ram/projects/dof_ws/src/dof_description -DAMENT_CMAKE_SYMLINK_INSTALL=1 -DCMAKE_INSTALL_PREFIX=/home/ram/projects/dof_ws/install/dof_description
[2.507s] DEBUG:colcon.colcon_core.event_handler.log_command:Invoking command in '/home/ram/projects/dof_ws/build/dof_description': CMAKE_PREFIX_PATH=${CMAKE_PREFIX_PATH}:/opt/ros/jazzy DEBUGINFOD_URLS=https://debuginfod.ubuntu.com /usr/bin/cmake --build /home/ram/projects/dof_ws/build/dof_description -- -j8 -l8
[2.570s] DEBUG:colcon.colcon_core.event_handler.log_command:Invoked command in '/home/ram/projects/dof_ws/build/dof_description' returned '0': CMAKE_PREFIX_PATH=${CMAKE_PREFIX_PATH}:/opt/ros/jazzy DEBUGINFOD_URLS=https://debuginfod.ubuntu.com /usr/bin/cmake --build /home/ram/projects/dof_ws/build/dof_description -- -j8 -l8
[2.585s] DEBUG:colcon.colcon_core.event_handler.log_command:Invoking command in '/home/ram/projects/dof_ws/build/dof_description': CMAKE_PREFIX_PATH=${CMAKE_PREFIX_PATH}:/opt/ros/jazzy DEBUGINFOD_URLS=https://debuginfod.ubuntu.com /usr/bin/cmake --install /home/ram/projects/dof_ws/build/dof_description
[3.015s] Level 1:colcon.colcon_core.environment:create_environment_scripts_only(dof_description)
[3.016s] DEBUG:colcon.colcon_core.event_handler.log_command:Invoked command in '/home/ram/projects/dof_ws/build/dof_description' returned '0': CMAKE_PREFIX_PATH=${CMAKE_PREFIX_PATH}:/opt/ros/jazzy DEBUGINFOD_URLS=https://debuginfod.ubuntu.com /usr/bin/cmake --install /home/ram/projects/dof_ws/build/dof_description
[3.018s] Level 1:colcon.colcon_core.environment:checking '/home/ram/projects/dof_ws/install/dof_description' for CMake module files
[3.019s] Level 1:colcon.colcon_core.environment:checking '/home/ram/projects/dof_ws/install/dof_description' for CMake config files
[3.020s] Level 1:colcon.colcon_core.shell:create_environment_hook('dof_description', 'cmake_prefix_path')
[3.020s] INFO:colcon.colcon_core.shell:Creating environment hook '/home/ram/projects/dof_ws/install/dof_description/share/dof_description/hook/cmake_prefix_path.ps1'
[3.020s] INFO:colcon.colcon_core.shell:Creating environment descriptor '/home/ram/projects/dof_ws/install/dof_description/share/dof_description/hook/cmake_prefix_path.dsv'
[3.021s] INFO:colcon.colcon_core.shell:Creating environment hook '/home/ram/projects/dof_ws/install/dof_description/share/dof_description/hook/cmake_prefix_path.sh'
[3.022s] Level 1:colcon.colcon_core.environment:checking '/home/ram/projects/dof_ws/install/dof_description/bin'
[3.022s] Level 1:colcon.colcon_core.environment:checking '/home/ram/projects/dof_ws/install/dof_description/lib/pkgconfig/dof_description.pc'
[3.023s] Level 1:colcon.colcon_core.environment:checking '/home/ram/projects/dof_ws/install/dof_description/lib/python3.12/site-packages'
[3.023s] Level 1:colcon.colcon_core.environment:checking '/home/ram/projects/dof_ws/install/dof_description/bin'
[3.023s] INFO:colcon.colcon_core.shell:Creating package script '/home/ram/projects/dof_ws/install/dof_description/share/dof_description/package.ps1'
[3.024s] INFO:colcon.colcon_core.shell:Creating package descriptor '/home/ram/projects/dof_ws/install/dof_description/share/dof_description/package.dsv'
[3.025s] INFO:colcon.colcon_core.shell:Creating package script '/home/ram/projects/dof_ws/install/dof_description/share/dof_description/package.sh'
[3.025s] INFO:colcon.colcon_core.shell:Creating package script '/home/ram/projects/dof_ws/install/dof_description/share/dof_description/package.bash'
[3.026s] INFO:colcon.colcon_core.shell:Creating package script '/home/ram/projects/dof_ws/install/dof_description/share/dof_description/package.zsh'
[3.027s] Level 1:colcon.colcon_core.environment:create_file_with_runtime_dependencies(/home/ram/projects/dof_ws/install/dof_description/share/colcon-core/packages/dof_description)
[3.028s] Level 1:colcon.colcon_core.environment:create_environment_scripts_only(dof_description)
[3.028s] Level 1:colcon.colcon_core.environment:checking '/home/ram/projects/dof_ws/install/dof_description' for CMake module files
[3.029s] Level 1:colcon.colcon_core.environment:checking '/home/ram/projects/dof_ws/install/dof_description' for CMake config files
[3.029s] Level 1:colcon.colcon_core.shell:create_environment_hook('dof_description', 'cmake_prefix_path')
[3.029s] INFO:colcon.colcon_core.shell:Creating environment hook '/home/ram/projects/dof_ws/install/dof_description/share/dof_description/hook/cmake_prefix_path.ps1'
[3.030s] INFO:colcon.colcon_core.shell:Creating environment descriptor '/home/ram/projects/dof_ws/install/dof_description/share/dof_description/hook/cmake_prefix_path.dsv'
[3.030s] INFO:colcon.colcon_core.shell:Creating environment hook '/home/ram/projects/dof_ws/install/dof_description/share/dof_description/hook/cmake_prefix_path.sh'
[3.031s] Level 1:colcon.colcon_core.environment:checking '/home/ram/projects/dof_ws/install/dof_description/bin'
[3.031s] Level 1:colcon.colcon_core.environment:checking '/home/ram/projects/dof_ws/install/dof_description/lib/pkgconfig/dof_description.pc'
[3.031s] Level 1:colcon.colcon_core.environment:checking '/home/ram/projects/dof_ws/install/dof_description/lib/python3.12/site-packages'
[3.032s] Level 1:colcon.colcon_core.environment:checking '/home/ram/projects/dof_ws/install/dof_description/bin'
[3.032s] INFO:colcon.colcon_core.shell:Creating package script '/home/ram/projects/dof_ws/install/dof_description/share/dof_description/package.ps1'
[3.032s] INFO:colcon.colcon_core.shell:Creating package descriptor '/home/ram/projects/dof_ws/install/dof_description/share/dof_description/package.dsv'
[3.033s] INFO:colcon.colcon_core.shell:Creating package script '/home/ram/projects/dof_ws/install/dof_description/share/dof_description/package.sh'
[3.034s] INFO:colcon.colcon_core.shell:Creating package script '/home/ram/projects/dof_ws/install/dof_description/share/dof_description/package.bash'
[3.034s] INFO:colcon.colcon_core.shell:Creating package script '/home/ram/projects/dof_ws/install/dof_description/share/dof_description/package.zsh'
[3.035s] Level 1:colcon.colcon_core.environment:create_file_with_runtime_dependencies(/home/ram/projects/dof_ws/install/dof_description/share/colcon-core/packages/dof_description)
[3.035s] DEBUG:colcon.colcon_parallel_executor.executor.parallel:closing loop
[3.035s] DEBUG:colcon.colcon_parallel_executor.executor.parallel:loop closed
[3.035s] DEBUG:colcon.colcon_parallel_executor.executor.parallel:run_until_complete finished with '0'
[3.036s] DEBUG:colcon.colcon_core.event_reactor:joining thread
[3.044s] INFO:colcon.colcon_core.plugin_system:Skipping extension 'colcon_notification.desktop_notification.terminal_notifier': Not used on non-Darwin systems
[3.044s] INFO:colcon.colcon_core.plugin_system:Skipping extension 'colcon_notification.desktop_notification.win32': Not used on non-Windows systems
[3.044s] INFO:colcon.colcon_notification.desktop_notification:Sending desktop notification using 'notify2'
[3.076s] DEBUG:colcon.colcon_core.event_reactor:joined thread
[3.076s] INFO:colcon.colcon_core.shell:Creating prefix script '/home/ram/projects/dof_ws/install/local_setup.ps1'
[3.077s] INFO:colcon.colcon_core.shell:Creating prefix util module '/home/ram/projects/dof_ws/install/_local_setup_util_ps1.py'
[3.079s] INFO:colcon.colcon_core.shell:Creating prefix chain script '/home/ram/projects/dof_ws/install/setup.ps1'
[3.080s] INFO:colcon.colcon_core.shell:Creating prefix script '/home/ram/projects/dof_ws/install/local_setup.sh'
[3.081s] INFO:colcon.colcon_core.shell:Creating prefix util module '/home/ram/projects/dof_ws/install/_local_setup_util_sh.py'
[3.082s] INFO:colcon.colcon_core.shell:Creating prefix chain script '/home/ram/projects/dof_ws/install/setup.sh'
[3.083s] INFO:colcon.colcon_core.shell:Creating prefix script '/home/ram/projects/dof_ws/install/local_setup.bash'
[3.083s] INFO:colcon.colcon_core.shell:Creating prefix chain script '/home/ram/projects/dof_ws/install/setup.bash'
[3.085s] INFO:colcon.colcon_core.shell:Creating prefix script '/home/ram/projects/dof_ws/install/local_setup.zsh'
[3.085s] INFO:colcon.colcon_core.shell:Creating prefix chain script '/home/ram/projects/dof_ws/install/setup.zsh'
