-- Install configuration: ""
-- Execute custom install script
-- Up-to-date symlink: /home/ram/projects/dof_ws/install/dof_description/share/dof_description/urdf/dof.xacro
-- Up-to-date symlink: /home/ram/projects/dof_ws/install/dof_description/share/dof_description/urdf/materials.xacro
-- Up-to-date symlink: /home/ram/projects/dof_ws/install/dof_description/share/dof_description/meshes/base_link.stl
-- Up-to-date symlink: /home/ram/projects/dof_ws/install/dof_description/share/dof_description/meshes/link_1_1.stl
-- Up-to-date symlink: /home/ram/projects/dof_ws/install/dof_description/share/dof_description/meshes/link_2_1.stl
-- Up-to-date symlink: /home/ram/projects/dof_ws/install/dof_description/share/dof_description/meshes/link_3_1.stl
-- Up-to-date symlink: /home/ram/projects/dof_ws/install/dof_description/share/dof_description/meshes/link_4_1.stl
-- Up-to-date symlink: /home/ram/projects/dof_ws/install/dof_description/share/dof_description/meshes/link_5_1.stl
-- Up-to-date symlink: /home/ram/projects/dof_ws/install/dof_description/share/dof_description/meshes/link_6_1.stl
-- Up-to-date symlink: /home/ram/projects/dof_ws/install/dof_description/share/dof_description/meshes/link_7_1.stl
-- Up-to-date symlink: /home/ram/projects/dof_ws/install/dof_description/share/dof_description/meshes/link_8_1.stl
-- Up-to-date symlink: /home/ram/projects/dof_ws/install/dof_description/share/dof_description/launch/display.launch.py
-- Up-to-date symlink: /home/ram/projects/dof_ws/install/dof_description/share/dof_description/launch/gazebo.launch.py
[31mCMake Error at ament_cmake_symlink_install/ament_cmake_symlink_install.cmake:100 (message):
  ament_cmake_symlink_install_directory() can't find
  '/home/ram/projects/dof_ws/src/dof_description/config'
Call Stack (most recent call first):
  ament_cmake_symlink_install/ament_cmake_symlink_install.cmake:323 (ament_cmake_symlink_install_directory)
  cmake_install.cmake:46 (include)

[0m
