[0.016s] Invoking command in '/home/ram/projects/dof_ws/build/dof_description': CMAKE_PREFIX_PATH=${CMAKE_PREFIX_PATH}:/home/ram/projects/dof_ws/install/ros_tcp_endpoint:/opt/ros/jazzy DEBUGINFOD_URLS=https://debuginfod.ubuntu.com /usr/bin/cmake --build /home/ram/projects/dof_ws/build/dof_description -- -j8 -l8
[0.236s] Invoked command in '/home/ram/projects/dof_ws/build/dof_description' returned '0': CMAKE_PREFIX_PATH=${CMAKE_PREFIX_PATH}:/home/ram/projects/dof_ws/install/ros_tcp_endpoint:/opt/ros/jazzy DEBUGINFOD_URLS=https://debuginfod.ubuntu.com /usr/bin/cmake --build /home/ram/projects/dof_ws/build/dof_description -- -j8 -l8
[0.246s] Invoking command in '/home/ram/projects/dof_ws/build/dof_description': CMAKE_PREFIX_PATH=${CMAKE_PREFIX_PATH}:/home/ram/projects/dof_ws/install/ros_tcp_endpoint:/opt/ros/jazzy DEBUGINFOD_URLS=https://debuginfod.ubuntu.com /usr/bin/cmake --install /home/ram/projects/dof_ws/build/dof_description
[0.254s] -- Install configuration: ""
[0.255s] -- Execute custom install script
[0.256s] -- Up-to-date symlink: /home/ram/projects/dof_ws/install/dof_description/share/dof_description/urdf/dof.xacro
[0.256s] -- Up-to-date symlink: /home/ram/projects/dof_ws/install/dof_description/share/dof_description/urdf/materials.xacro
[0.256s] -- Up-to-date symlink: /home/ram/projects/dof_ws/install/dof_description/share/dof_description/meshes/base_link.stl
[0.257s] -- Up-to-date symlink: /home/ram/projects/dof_ws/install/dof_description/share/dof_description/meshes/link_1_1.stl
[0.257s] -- Up-to-date symlink: /home/ram/projects/dof_ws/install/dof_description/share/dof_description/meshes/link_2_1.stl
[0.257s] -- Up-to-date symlink: /home/ram/projects/dof_ws/install/dof_description/share/dof_description/meshes/link_3_1.stl
[0.257s] -- Up-to-date symlink: /home/ram/projects/dof_ws/install/dof_description/share/dof_description/meshes/link_4_1.stl
[0.257s] -- Up-to-date symlink: /home/ram/projects/dof_ws/install/dof_description/share/dof_description/meshes/link_5_1.stl
[0.257s] -- Up-to-date symlink: /home/ram/projects/dof_ws/install/dof_description/share/dof_description/meshes/link_6_1.stl
[0.257s] -- Up-to-date symlink: /home/ram/projects/dof_ws/install/dof_description/share/dof_description/meshes/link_7_1.stl
[0.257s] -- Up-to-date symlink: /home/ram/projects/dof_ws/install/dof_description/share/dof_description/meshes/link_8_1.stl
[0.258s] -- Up-to-date symlink: /home/ram/projects/dof_ws/install/dof_description/share/dof_description/launch/display.launch.py
[0.258s] -- Up-to-date symlink: /home/ram/projects/dof_ws/install/dof_description/share/dof_description/launch/gazebo.launch.py
[0.258s] [31mCMake Error at ament_cmake_symlink_install/ament_cmake_symlink_install.cmake:100 (message):
[0.258s]   ament_cmake_symlink_install_directory() can't find
[0.258s]   '/home/ram/projects/dof_ws/src/dof_description/config'
[0.258s] Call Stack (most recent call first):
[0.258s]   ament_cmake_symlink_install/ament_cmake_symlink_install.cmake:323 (ament_cmake_symlink_install_directory)
[0.258s]   cmake_install.cmake:46 (include)
[0.258s] 
[0.258s] [0m
[0.259s] Invoked command in '/home/ram/projects/dof_ws/build/dof_description' returned '1': CMAKE_PREFIX_PATH=${CMAKE_PREFIX_PATH}:/home/ram/projects/dof_ws/install/ros_tcp_endpoint:/opt/ros/jazzy DEBUGINFOD_URLS=https://debuginfod.ubuntu.com /usr/bin/cmake --install /home/ram/projects/dof_ws/build/dof_description
