[0.171s] DEBUG:colcon:Command line arguments: ['/usr/bin/colcon', 'build', '--symlink-install']
[0.172s] DEBUG:colcon:Parsed command line arguments: Namespace(log_base=None, log_level=None, verb_name='build', build_base='build', install_base='install', merge_install=False, symlink_install=True, test_result_base=None, continue_on_error=False, executor='parallel', parallel_workers=8, event_handlers=None, ignore_user_meta=False, metas=['./colcon.meta'], base_paths=['.'], packages_ignore=None, packages_ignore_regex=None, paths=None, packages_up_to=None, packages_up_to_regex=None, packages_above=None, packages_above_and_dependencies=None, packages_above_depth=None, packages_select_by_dep=None, packages_skip_by_dep=None, packages_skip_up_to=None, packages_select_build_failed=False, packages_skip_build_finished=False, packages_select_test_failures=False, packages_skip_test_passed=False, packages_select=None, packages_skip=None, packages_select_regex=None, packages_skip_regex=None, packages_start=None, packages_end=None, allow_overriding=[], cmake_args=None, cmake_target=None, cmake_target_skip_unavailable=False, cmake_clean_cache=False, cmake_clean_first=False, cmake_force_configure=False, ament_cmake_args=None, catkin_cmake_args=None, catkin_skip_building_tests=False, mixin_files=None, mixin=None, verb_parser=<colcon_mixin.mixin.mixin_argument.MixinArgumentDecorator object at 0x7db6045acb30>, verb_extension=<colcon_core.verb.build.BuildVerb object at 0x7db6045ac830>, main=<bound method BuildVerb.main of <colcon_core.verb.build.BuildVerb object at 0x7db6045ac830>>, mixin_verb=('build',))
[0.230s] Level 1:colcon.colcon_core.package_discovery:discover_packages(colcon_meta) check parameters
[0.230s] Level 1:colcon.colcon_core.package_discovery:discover_packages(recursive) check parameters
[0.230s] Level 1:colcon.colcon_core.package_discovery:discover_packages(ignore) check parameters
[0.230s] Level 1:colcon.colcon_core.package_discovery:discover_packages(path) check parameters
[0.230s] Level 1:colcon.colcon_core.package_discovery:discover_packages(colcon_meta) discover
[0.230s] Level 1:colcon.colcon_core.package_discovery:discover_packages(recursive) discover
[0.230s] INFO:colcon.colcon_core.package_discovery:Crawling recursively for packages in '/home/ram/projects/dof_ws'
[0.231s] Level 1:colcon.colcon_core.package_identification:_identify(.) by extensions ['ignore', 'ignore_ament_install']
[0.231s] Level 1:colcon.colcon_core.package_identification:_identify(.) by extension 'ignore'
[0.231s] Level 1:colcon.colcon_core.package_identification:_identify(.) by extension 'ignore_ament_install'
[0.231s] Level 1:colcon.colcon_core.package_identification:_identify(.) by extensions ['colcon_pkg']
[0.231s] Level 1:colcon.colcon_core.package_identification:_identify(.) by extension 'colcon_pkg'
[0.231s] Level 1:colcon.colcon_core.package_identification:_identify(.) by extensions ['colcon_meta']
[0.231s] Level 1:colcon.colcon_core.package_identification:_identify(.) by extension 'colcon_meta'
[0.231s] Level 1:colcon.colcon_core.package_identification:_identify(.) by extensions ['ros']
[0.231s] Level 1:colcon.colcon_core.package_identification:_identify(.) by extension 'ros'
[0.270s] Level 1:colcon.colcon_core.package_identification:_identify(.) by extensions ['cmake', 'python']
[0.270s] Level 1:colcon.colcon_core.package_identification:_identify(.) by extension 'cmake'
[0.270s] Level 1:colcon.colcon_core.package_identification:_identify(.) by extension 'python'
[0.270s] Level 1:colcon.colcon_core.package_identification:_identify(.) by extensions ['python_setup_py']
[0.270s] Level 1:colcon.colcon_core.package_identification:_identify(.) by extension 'python_setup_py'
[0.270s] Level 1:colcon.colcon_core.package_identification:_identify(build) by extensions ['ignore', 'ignore_ament_install']
[0.271s] Level 1:colcon.colcon_core.package_identification:_identify(build) by extension 'ignore'
[0.271s] Level 1:colcon.colcon_core.package_identification:_identify(build) ignored
[0.271s] Level 1:colcon.colcon_core.package_identification:_identify(install) by extensions ['ignore', 'ignore_ament_install']
[0.271s] Level 1:colcon.colcon_core.package_identification:_identify(install) by extension 'ignore'
[0.271s] Level 1:colcon.colcon_core.package_identification:_identify(install) ignored
[0.271s] Level 1:colcon.colcon_core.package_identification:_identify(log) by extensions ['ignore', 'ignore_ament_install']
[0.271s] Level 1:colcon.colcon_core.package_identification:_identify(log) by extension 'ignore'
[0.271s] Level 1:colcon.colcon_core.package_identification:_identify(log) ignored
[0.272s] Level 1:colcon.colcon_core.package_identification:_identify(src) by extensions ['ignore', 'ignore_ament_install']
[0.272s] Level 1:colcon.colcon_core.package_identification:_identify(src) by extension 'ignore'
[0.272s] Level 1:colcon.colcon_core.package_identification:_identify(src) by extension 'ignore_ament_install'
[0.272s] Level 1:colcon.colcon_core.package_identification:_identify(src) by extensions ['colcon_pkg']
[0.272s] Level 1:colcon.colcon_core.package_identification:_identify(src) by extension 'colcon_pkg'
[0.272s] Level 1:colcon.colcon_core.package_identification:_identify(src) by extensions ['colcon_meta']
[0.272s] Level 1:colcon.colcon_core.package_identification:_identify(src) by extension 'colcon_meta'
[0.272s] Level 1:colcon.colcon_core.package_identification:_identify(src) by extensions ['ros']
[0.272s] Level 1:colcon.colcon_core.package_identification:_identify(src) by extension 'ros'
[0.272s] Level 1:colcon.colcon_core.package_identification:_identify(src) by extensions ['cmake', 'python']
[0.272s] Level 1:colcon.colcon_core.package_identification:_identify(src) by extension 'cmake'
[0.272s] Level 1:colcon.colcon_core.package_identification:_identify(src) by extension 'python'
[0.272s] Level 1:colcon.colcon_core.package_identification:_identify(src) by extensions ['python_setup_py']
[0.272s] Level 1:colcon.colcon_core.package_identification:_identify(src) by extension 'python_setup_py'
[0.273s] Level 1:colcon.colcon_core.package_identification:_identify(src/dof_description) by extensions ['ignore', 'ignore_ament_install']
[0.273s] Level 1:colcon.colcon_core.package_identification:_identify(src/dof_description) by extension 'ignore'
[0.273s] Level 1:colcon.colcon_core.package_identification:_identify(src/dof_description) by extension 'ignore_ament_install'
[0.273s] Level 1:colcon.colcon_core.package_identification:_identify(src/dof_description) by extensions ['colcon_pkg']
[0.273s] Level 1:colcon.colcon_core.package_identification:_identify(src/dof_description) by extension 'colcon_pkg'
[0.273s] Level 1:colcon.colcon_core.package_identification:_identify(src/dof_description) by extensions ['colcon_meta']
[0.273s] Level 1:colcon.colcon_core.package_identification:_identify(src/dof_description) by extension 'colcon_meta'
[0.273s] Level 1:colcon.colcon_core.package_identification:_identify(src/dof_description) by extensions ['ros']
[0.273s] Level 1:colcon.colcon_core.package_identification:_identify(src/dof_description) by extension 'ros'
[0.277s] DEBUG:colcon.colcon_core.package_identification:Package 'src/dof_description' with type 'ros.ament_cmake' and name 'dof_description'
[0.277s] Level 1:colcon.colcon_core.package_identification:_identify(src/dof_moveit_config) by extensions ['ignore', 'ignore_ament_install']
[0.277s] Level 1:colcon.colcon_core.package_identification:_identify(src/dof_moveit_config) by extension 'ignore'
[0.277s] Level 1:colcon.colcon_core.package_identification:_identify(src/dof_moveit_config) by extension 'ignore_ament_install'
[0.277s] Level 1:colcon.colcon_core.package_identification:_identify(src/dof_moveit_config) by extensions ['colcon_pkg']
[0.277s] Level 1:colcon.colcon_core.package_identification:_identify(src/dof_moveit_config) by extension 'colcon_pkg'
[0.277s] Level 1:colcon.colcon_core.package_identification:_identify(src/dof_moveit_config) by extensions ['colcon_meta']
[0.277s] Level 1:colcon.colcon_core.package_identification:_identify(src/dof_moveit_config) by extension 'colcon_meta'
[0.277s] Level 1:colcon.colcon_core.package_identification:_identify(src/dof_moveit_config) by extensions ['ros']
[0.277s] Level 1:colcon.colcon_core.package_identification:_identify(src/dof_moveit_config) by extension 'ros'
[0.279s] DEBUG:colcon.colcon_core.package_identification:Package 'src/dof_moveit_config' with type 'ros.ament_cmake' and name 'dof_moveit_config'
[0.279s] Level 1:colcon.colcon_core.package_discovery:discover_packages(recursive) using defaults
[0.279s] Level 1:colcon.colcon_core.package_discovery:discover_packages(ignore) discover
[0.279s] Level 1:colcon.colcon_core.package_discovery:discover_packages(ignore) using defaults
[0.279s] Level 1:colcon.colcon_core.package_discovery:discover_packages(path) discover
[0.279s] Level 1:colcon.colcon_core.package_discovery:discover_packages(path) using defaults
[0.305s] Level 1:colcon.colcon_core.package_discovery:discover_packages(prefix_path) check parameters
[0.305s] Level 1:colcon.colcon_core.package_discovery:discover_packages(prefix_path) discover
[0.308s] DEBUG:colcon.colcon_installed_package_information.package_discovery:Found 2 installed packages in /home/ram/projects/dof_ws/install
[0.308s] DEBUG:colcon.colcon_installed_package_information.package_discovery:Found 2 installed packages in /home/ram/projects/arm_ws/install
[0.312s] DEBUG:colcon.colcon_installed_package_information.package_discovery:Found 432 installed packages in /opt/ros/jazzy
[0.314s] Level 1:colcon.colcon_core.package_discovery:discover_packages(prefix_path) using defaults
[0.409s] Level 5:colcon.colcon_core.verb:set package 'dof_description' build argument 'cmake_args' from command line to 'None'
[0.409s] Level 5:colcon.colcon_core.verb:set package 'dof_description' build argument 'cmake_target' from command line to 'None'
[0.409s] Level 5:colcon.colcon_core.verb:set package 'dof_description' build argument 'cmake_target_skip_unavailable' from command line to 'False'
[0.409s] Level 5:colcon.colcon_core.verb:set package 'dof_description' build argument 'cmake_clean_cache' from command line to 'False'
[0.409s] Level 5:colcon.colcon_core.verb:set package 'dof_description' build argument 'cmake_clean_first' from command line to 'False'
[0.409s] Level 5:colcon.colcon_core.verb:set package 'dof_description' build argument 'cmake_force_configure' from command line to 'False'
[0.409s] Level 5:colcon.colcon_core.verb:set package 'dof_description' build argument 'ament_cmake_args' from command line to 'None'
[0.409s] Level 5:colcon.colcon_core.verb:set package 'dof_description' build argument 'catkin_cmake_args' from command line to 'None'
[0.409s] Level 5:colcon.colcon_core.verb:set package 'dof_description' build argument 'catkin_skip_building_tests' from command line to 'False'
[0.410s] DEBUG:colcon.colcon_core.verb:Building package 'dof_description' with the following arguments: {'ament_cmake_args': None, 'build_base': '/home/ram/projects/dof_ws/build/dof_description', 'catkin_cmake_args': None, 'catkin_skip_building_tests': False, 'cmake_args': None, 'cmake_clean_cache': False, 'cmake_clean_first': False, 'cmake_force_configure': False, 'cmake_target': None, 'cmake_target_skip_unavailable': False, 'install_base': '/home/ram/projects/dof_ws/install/dof_description', 'merge_install': False, 'path': '/home/ram/projects/dof_ws/src/dof_description', 'symlink_install': True, 'test_result_base': None}
[0.410s] Level 5:colcon.colcon_core.verb:set package 'dof_moveit_config' build argument 'cmake_args' from command line to 'None'
[0.410s] Level 5:colcon.colcon_core.verb:set package 'dof_moveit_config' build argument 'cmake_target' from command line to 'None'
[0.410s] Level 5:colcon.colcon_core.verb:set package 'dof_moveit_config' build argument 'cmake_target_skip_unavailable' from command line to 'False'
[0.410s] Level 5:colcon.colcon_core.verb:set package 'dof_moveit_config' build argument 'cmake_clean_cache' from command line to 'False'
[0.410s] Level 5:colcon.colcon_core.verb:set package 'dof_moveit_config' build argument 'cmake_clean_first' from command line to 'False'
[0.410s] Level 5:colcon.colcon_core.verb:set package 'dof_moveit_config' build argument 'cmake_force_configure' from command line to 'False'
[0.410s] Level 5:colcon.colcon_core.verb:set package 'dof_moveit_config' build argument 'ament_cmake_args' from command line to 'None'
[0.410s] Level 5:colcon.colcon_core.verb:set package 'dof_moveit_config' build argument 'catkin_cmake_args' from command line to 'None'
[0.410s] Level 5:colcon.colcon_core.verb:set package 'dof_moveit_config' build argument 'catkin_skip_building_tests' from command line to 'False'
[0.410s] DEBUG:colcon.colcon_core.verb:Building package 'dof_moveit_config' with the following arguments: {'ament_cmake_args': None, 'build_base': '/home/ram/projects/dof_ws/build/dof_moveit_config', 'catkin_cmake_args': None, 'catkin_skip_building_tests': False, 'cmake_args': None, 'cmake_clean_cache': False, 'cmake_clean_first': False, 'cmake_force_configure': False, 'cmake_target': None, 'cmake_target_skip_unavailable': False, 'install_base': '/home/ram/projects/dof_ws/install/dof_moveit_config', 'merge_install': False, 'path': '/home/ram/projects/dof_ws/src/dof_moveit_config', 'symlink_install': True, 'test_result_base': None}
[0.410s] INFO:colcon.colcon_core.executor:Executing jobs using 'parallel' executor
[0.411s] DEBUG:colcon.colcon_parallel_executor.executor.parallel:run_until_complete
[0.412s] INFO:colcon.colcon_ros.task.ament_cmake.build:Building ROS package in '/home/ram/projects/dof_ws/src/dof_description' with build type 'ament_cmake'
[0.412s] INFO:colcon.colcon_cmake.task.cmake.build:Building CMake package in '/home/ram/projects/dof_ws/src/dof_description'
[0.415s] INFO:colcon.colcon_core.plugin_system:Skipping extension 'colcon_core.shell.bat': Not used on non-Windows systems
[0.415s] INFO:colcon.colcon_core.shell:Skip shell extension 'powershell' for command environment: Not usable outside of PowerShell
[0.415s] DEBUG:colcon.colcon_core.shell:Skip shell extension 'dsv' for command environment
[0.429s] DEBUG:colcon.colcon_core.event_handler.log_command:Invoking command in '/home/ram/projects/dof_ws/build/dof_description': CMAKE_PREFIX_PATH=${CMAKE_PREFIX_PATH}:/opt/ros/jazzy DEBUGINFOD_URLS=https://debuginfod.ubuntu.com /usr/bin/cmake --build /home/ram/projects/dof_ws/build/dof_description -- -j8 -l8
[0.493s] DEBUG:colcon.colcon_core.event_handler.log_command:Invoked command in '/home/ram/projects/dof_ws/build/dof_description' returned '0': CMAKE_PREFIX_PATH=${CMAKE_PREFIX_PATH}:/opt/ros/jazzy DEBUGINFOD_URLS=https://debuginfod.ubuntu.com /usr/bin/cmake --build /home/ram/projects/dof_ws/build/dof_description -- -j8 -l8
[0.509s] DEBUG:colcon.colcon_core.event_handler.log_command:Invoking command in '/home/ram/projects/dof_ws/build/dof_description': CMAKE_PREFIX_PATH=${CMAKE_PREFIX_PATH}:/opt/ros/jazzy DEBUGINFOD_URLS=https://debuginfod.ubuntu.com /usr/bin/cmake --install /home/ram/projects/dof_ws/build/dof_description
[0.548s] Level 1:colcon.colcon_core.environment:create_environment_scripts_only(dof_description)
[0.549s] DEBUG:colcon.colcon_core.event_handler.log_command:Invoked command in '/home/ram/projects/dof_ws/build/dof_description' returned '0': CMAKE_PREFIX_PATH=${CMAKE_PREFIX_PATH}:/opt/ros/jazzy DEBUGINFOD_URLS=https://debuginfod.ubuntu.com /usr/bin/cmake --install /home/ram/projects/dof_ws/build/dof_description
[0.552s] Level 1:colcon.colcon_core.environment:checking '/home/ram/projects/dof_ws/install/dof_description' for CMake module files
[0.553s] Level 1:colcon.colcon_core.environment:checking '/home/ram/projects/dof_ws/install/dof_description' for CMake config files
[0.553s] Level 1:colcon.colcon_core.shell:create_environment_hook('dof_description', 'cmake_prefix_path')
[0.554s] INFO:colcon.colcon_core.shell:Creating environment hook '/home/ram/projects/dof_ws/install/dof_description/share/dof_description/hook/cmake_prefix_path.ps1'
[0.554s] INFO:colcon.colcon_core.shell:Creating environment descriptor '/home/ram/projects/dof_ws/install/dof_description/share/dof_description/hook/cmake_prefix_path.dsv'
[0.555s] INFO:colcon.colcon_core.shell:Creating environment hook '/home/ram/projects/dof_ws/install/dof_description/share/dof_description/hook/cmake_prefix_path.sh'
[0.557s] Level 1:colcon.colcon_core.environment:checking '/home/ram/projects/dof_ws/install/dof_description/bin'
[0.557s] Level 1:colcon.colcon_core.environment:checking '/home/ram/projects/dof_ws/install/dof_description/lib/pkgconfig/dof_description.pc'
[0.557s] Level 1:colcon.colcon_core.environment:checking '/home/ram/projects/dof_ws/install/dof_description/lib/python3.12/site-packages'
[0.558s] Level 1:colcon.colcon_core.environment:checking '/home/ram/projects/dof_ws/install/dof_description/bin'
[0.558s] INFO:colcon.colcon_core.shell:Creating package script '/home/ram/projects/dof_ws/install/dof_description/share/dof_description/package.ps1'
[0.559s] INFO:colcon.colcon_core.shell:Creating package descriptor '/home/ram/projects/dof_ws/install/dof_description/share/dof_description/package.dsv'
[0.560s] INFO:colcon.colcon_core.shell:Creating package script '/home/ram/projects/dof_ws/install/dof_description/share/dof_description/package.sh'
[0.561s] INFO:colcon.colcon_core.shell:Creating package script '/home/ram/projects/dof_ws/install/dof_description/share/dof_description/package.bash'
[0.562s] INFO:colcon.colcon_core.shell:Creating package script '/home/ram/projects/dof_ws/install/dof_description/share/dof_description/package.zsh'
[0.563s] Level 1:colcon.colcon_core.environment:create_file_with_runtime_dependencies(/home/ram/projects/dof_ws/install/dof_description/share/colcon-core/packages/dof_description)
[0.564s] Level 1:colcon.colcon_core.environment:create_environment_scripts_only(dof_description)
[0.565s] Level 1:colcon.colcon_core.environment:checking '/home/ram/projects/dof_ws/install/dof_description' for CMake module files
[0.566s] Level 1:colcon.colcon_core.environment:checking '/home/ram/projects/dof_ws/install/dof_description' for CMake config files
[0.566s] Level 1:colcon.colcon_core.shell:create_environment_hook('dof_description', 'cmake_prefix_path')
[0.566s] INFO:colcon.colcon_core.shell:Creating environment hook '/home/ram/projects/dof_ws/install/dof_description/share/dof_description/hook/cmake_prefix_path.ps1'
[0.567s] INFO:colcon.colcon_core.shell:Creating environment descriptor '/home/ram/projects/dof_ws/install/dof_description/share/dof_description/hook/cmake_prefix_path.dsv'
[0.568s] INFO:colcon.colcon_core.shell:Creating environment hook '/home/ram/projects/dof_ws/install/dof_description/share/dof_description/hook/cmake_prefix_path.sh'
[0.569s] Level 1:colcon.colcon_core.environment:checking '/home/ram/projects/dof_ws/install/dof_description/bin'
[0.569s] Level 1:colcon.colcon_core.environment:checking '/home/ram/projects/dof_ws/install/dof_description/lib/pkgconfig/dof_description.pc'
[0.569s] Level 1:colcon.colcon_core.environment:checking '/home/ram/projects/dof_ws/install/dof_description/lib/python3.12/site-packages'
[0.570s] Level 1:colcon.colcon_core.environment:checking '/home/ram/projects/dof_ws/install/dof_description/bin'
[0.570s] INFO:colcon.colcon_core.shell:Creating package script '/home/ram/projects/dof_ws/install/dof_description/share/dof_description/package.ps1'
[0.571s] INFO:colcon.colcon_core.shell:Creating package descriptor '/home/ram/projects/dof_ws/install/dof_description/share/dof_description/package.dsv'
[0.572s] INFO:colcon.colcon_core.shell:Creating package script '/home/ram/projects/dof_ws/install/dof_description/share/dof_description/package.sh'
[0.573s] INFO:colcon.colcon_core.shell:Creating package script '/home/ram/projects/dof_ws/install/dof_description/share/dof_description/package.bash'
[0.573s] INFO:colcon.colcon_core.shell:Creating package script '/home/ram/projects/dof_ws/install/dof_description/share/dof_description/package.zsh'
[0.574s] Level 1:colcon.colcon_core.environment:create_file_with_runtime_dependencies(/home/ram/projects/dof_ws/install/dof_description/share/colcon-core/packages/dof_description)
[0.575s] INFO:colcon.colcon_ros.task.ament_cmake.build:Building ROS package in '/home/ram/projects/dof_ws/src/dof_moveit_config' with build type 'ament_cmake'
[0.575s] INFO:colcon.colcon_cmake.task.cmake.build:Building CMake package in '/home/ram/projects/dof_ws/src/dof_moveit_config'
[0.575s] INFO:colcon.colcon_core.shell:Skip shell extension 'powershell' for command environment: Not usable outside of PowerShell
[0.575s] DEBUG:colcon.colcon_core.shell:Skip shell extension 'dsv' for command environment
[0.590s] DEBUG:colcon.colcon_core.event_handler.log_command:Invoking command in '/home/ram/projects/dof_ws/build/dof_moveit_config': CMAKE_PREFIX_PATH=/home/ram/projects/dof_ws/install/dof_description:/home/ram/projects/dof_ws/install/dof_moveit_config:/home/ram/projects/arm_ws/install/arm2_moveit_config:/home/ram/projects/arm_ws/install/arm2_description:/opt/ros/jazzy/opt/gz_sim_vendor:/opt/ros/jazzy/opt/gz_sensors_vendor:/opt/ros/jazzy/opt/gz_physics_vendor:/opt/ros/jazzy/opt/sdformat_vendor:/opt/ros/jazzy/opt/gz_gui_vendor:/opt/ros/jazzy/opt/gz_transport_vendor:/opt/ros/jazzy/opt/gz_rendering_vendor:/opt/ros/jazzy/opt/gz_plugin_vendor:/opt/ros/jazzy/opt/gz_fuel_tools_vendor:/opt/ros/jazzy/opt/gz_msgs_vendor:/opt/ros/jazzy/opt/gz_common_vendor:/opt/ros/jazzy/opt/gz_math_vendor:/opt/ros/jazzy/opt/gz_utils_vendor:/opt/ros/jazzy/opt/gz_tools_vendor:/opt/ros/jazzy/opt/gz_ogre_next_vendor:/opt/ros/jazzy/opt/gz_dartsim_vendor:/opt/ros/jazzy/opt/gz_cmake_vendor:/opt/ros/jazzy DEBUGINFOD_URLS=https://debuginfod.ubuntu.com /usr/bin/cmake --build /home/ram/projects/dof_ws/build/dof_moveit_config -- -j8 -l8
[1.133s] DEBUG:colcon.colcon_core.event_handler.log_command:Invoked command in '/home/ram/projects/dof_ws/build/dof_moveit_config' returned '0': CMAKE_PREFIX_PATH=/home/ram/projects/dof_ws/install/dof_description:/home/ram/projects/dof_ws/install/dof_moveit_config:/home/ram/projects/arm_ws/install/arm2_moveit_config:/home/ram/projects/arm_ws/install/arm2_description:/opt/ros/jazzy/opt/gz_sim_vendor:/opt/ros/jazzy/opt/gz_sensors_vendor:/opt/ros/jazzy/opt/gz_physics_vendor:/opt/ros/jazzy/opt/sdformat_vendor:/opt/ros/jazzy/opt/gz_gui_vendor:/opt/ros/jazzy/opt/gz_transport_vendor:/opt/ros/jazzy/opt/gz_rendering_vendor:/opt/ros/jazzy/opt/gz_plugin_vendor:/opt/ros/jazzy/opt/gz_fuel_tools_vendor:/opt/ros/jazzy/opt/gz_msgs_vendor:/opt/ros/jazzy/opt/gz_common_vendor:/opt/ros/jazzy/opt/gz_math_vendor:/opt/ros/jazzy/opt/gz_utils_vendor:/opt/ros/jazzy/opt/gz_tools_vendor:/opt/ros/jazzy/opt/gz_ogre_next_vendor:/opt/ros/jazzy/opt/gz_dartsim_vendor:/opt/ros/jazzy/opt/gz_cmake_vendor:/opt/ros/jazzy DEBUGINFOD_URLS=https://debuginfod.ubuntu.com /usr/bin/cmake --build /home/ram/projects/dof_ws/build/dof_moveit_config -- -j8 -l8
[1.135s] DEBUG:colcon.colcon_core.event_handler.log_command:Invoking command in '/home/ram/projects/dof_ws/build/dof_moveit_config': CMAKE_PREFIX_PATH=/home/ram/projects/dof_ws/install/dof_description:/home/ram/projects/dof_ws/install/dof_moveit_config:/home/ram/projects/arm_ws/install/arm2_moveit_config:/home/ram/projects/arm_ws/install/arm2_description:/opt/ros/jazzy/opt/gz_sim_vendor:/opt/ros/jazzy/opt/gz_sensors_vendor:/opt/ros/jazzy/opt/gz_physics_vendor:/opt/ros/jazzy/opt/sdformat_vendor:/opt/ros/jazzy/opt/gz_gui_vendor:/opt/ros/jazzy/opt/gz_transport_vendor:/opt/ros/jazzy/opt/gz_rendering_vendor:/opt/ros/jazzy/opt/gz_plugin_vendor:/opt/ros/jazzy/opt/gz_fuel_tools_vendor:/opt/ros/jazzy/opt/gz_msgs_vendor:/opt/ros/jazzy/opt/gz_common_vendor:/opt/ros/jazzy/opt/gz_math_vendor:/opt/ros/jazzy/opt/gz_utils_vendor:/opt/ros/jazzy/opt/gz_tools_vendor:/opt/ros/jazzy/opt/gz_ogre_next_vendor:/opt/ros/jazzy/opt/gz_dartsim_vendor:/opt/ros/jazzy/opt/gz_cmake_vendor:/opt/ros/jazzy DEBUGINFOD_URLS=https://debuginfod.ubuntu.com /usr/bin/cmake --install /home/ram/projects/dof_ws/build/dof_moveit_config
[1.174s] Level 1:colcon.colcon_core.environment:create_environment_scripts_only(dof_moveit_config)
[1.174s] Level 1:colcon.colcon_core.environment:checking '/home/ram/projects/dof_ws/install/dof_moveit_config' for CMake module files
[1.175s] DEBUG:colcon.colcon_core.event_handler.log_command:Invoked command in '/home/ram/projects/dof_ws/build/dof_moveit_config' returned '0': CMAKE_PREFIX_PATH=/home/ram/projects/dof_ws/install/dof_description:/home/ram/projects/dof_ws/install/dof_moveit_config:/home/ram/projects/arm_ws/install/arm2_moveit_config:/home/ram/projects/arm_ws/install/arm2_description:/opt/ros/jazzy/opt/gz_sim_vendor:/opt/ros/jazzy/opt/gz_sensors_vendor:/opt/ros/jazzy/opt/gz_physics_vendor:/opt/ros/jazzy/opt/sdformat_vendor:/opt/ros/jazzy/opt/gz_gui_vendor:/opt/ros/jazzy/opt/gz_transport_vendor:/opt/ros/jazzy/opt/gz_rendering_vendor:/opt/ros/jazzy/opt/gz_plugin_vendor:/opt/ros/jazzy/opt/gz_fuel_tools_vendor:/opt/ros/jazzy/opt/gz_msgs_vendor:/opt/ros/jazzy/opt/gz_common_vendor:/opt/ros/jazzy/opt/gz_math_vendor:/opt/ros/jazzy/opt/gz_utils_vendor:/opt/ros/jazzy/opt/gz_tools_vendor:/opt/ros/jazzy/opt/gz_ogre_next_vendor:/opt/ros/jazzy/opt/gz_dartsim_vendor:/opt/ros/jazzy/opt/gz_cmake_vendor:/opt/ros/jazzy DEBUGINFOD_URLS=https://debuginfod.ubuntu.com /usr/bin/cmake --install /home/ram/projects/dof_ws/build/dof_moveit_config
[1.175s] Level 1:colcon.colcon_core.environment:checking '/home/ram/projects/dof_ws/install/dof_moveit_config' for CMake config files
[1.176s] Level 1:colcon.colcon_core.shell:create_environment_hook('dof_moveit_config', 'cmake_prefix_path')
[1.176s] INFO:colcon.colcon_core.shell:Creating environment hook '/home/ram/projects/dof_ws/install/dof_moveit_config/share/dof_moveit_config/hook/cmake_prefix_path.ps1'
[1.177s] INFO:colcon.colcon_core.shell:Creating environment descriptor '/home/ram/projects/dof_ws/install/dof_moveit_config/share/dof_moveit_config/hook/cmake_prefix_path.dsv'
[1.177s] INFO:colcon.colcon_core.shell:Creating environment hook '/home/ram/projects/dof_ws/install/dof_moveit_config/share/dof_moveit_config/hook/cmake_prefix_path.sh'
[1.178s] Level 1:colcon.colcon_core.environment:checking '/home/ram/projects/dof_ws/install/dof_moveit_config/bin'
[1.178s] Level 1:colcon.colcon_core.environment:checking '/home/ram/projects/dof_ws/install/dof_moveit_config/lib/pkgconfig/dof_moveit_config.pc'
[1.178s] Level 1:colcon.colcon_core.environment:checking '/home/ram/projects/dof_ws/install/dof_moveit_config/lib/python3.12/site-packages'
[1.179s] Level 1:colcon.colcon_core.environment:checking '/home/ram/projects/dof_ws/install/dof_moveit_config/bin'
[1.179s] INFO:colcon.colcon_core.shell:Creating package script '/home/ram/projects/dof_ws/install/dof_moveit_config/share/dof_moveit_config/package.ps1'
[1.180s] INFO:colcon.colcon_core.shell:Creating package descriptor '/home/ram/projects/dof_ws/install/dof_moveit_config/share/dof_moveit_config/package.dsv'
[1.180s] INFO:colcon.colcon_core.shell:Creating package script '/home/ram/projects/dof_ws/install/dof_moveit_config/share/dof_moveit_config/package.sh'
[1.181s] INFO:colcon.colcon_core.shell:Creating package script '/home/ram/projects/dof_ws/install/dof_moveit_config/share/dof_moveit_config/package.bash'
[1.181s] INFO:colcon.colcon_core.shell:Creating package script '/home/ram/projects/dof_ws/install/dof_moveit_config/share/dof_moveit_config/package.zsh'
[1.182s] Level 1:colcon.colcon_core.environment:create_file_with_runtime_dependencies(/home/ram/projects/dof_ws/install/dof_moveit_config/share/colcon-core/packages/dof_moveit_config)
[1.182s] Level 1:colcon.colcon_core.environment:create_environment_scripts_only(dof_moveit_config)
[1.182s] Level 1:colcon.colcon_core.environment:checking '/home/ram/projects/dof_ws/install/dof_moveit_config' for CMake module files
[1.183s] Level 1:colcon.colcon_core.environment:checking '/home/ram/projects/dof_ws/install/dof_moveit_config' for CMake config files
[1.184s] Level 1:colcon.colcon_core.shell:create_environment_hook('dof_moveit_config', 'cmake_prefix_path')
[1.184s] INFO:colcon.colcon_core.shell:Creating environment hook '/home/ram/projects/dof_ws/install/dof_moveit_config/share/dof_moveit_config/hook/cmake_prefix_path.ps1'
[1.184s] INFO:colcon.colcon_core.shell:Creating environment descriptor '/home/ram/projects/dof_ws/install/dof_moveit_config/share/dof_moveit_config/hook/cmake_prefix_path.dsv'
[1.185s] INFO:colcon.colcon_core.shell:Creating environment hook '/home/ram/projects/dof_ws/install/dof_moveit_config/share/dof_moveit_config/hook/cmake_prefix_path.sh'
[1.186s] Level 1:colcon.colcon_core.environment:checking '/home/ram/projects/dof_ws/install/dof_moveit_config/bin'
[1.186s] Level 1:colcon.colcon_core.environment:checking '/home/ram/projects/dof_ws/install/dof_moveit_config/lib/pkgconfig/dof_moveit_config.pc'
[1.186s] Level 1:colcon.colcon_core.environment:checking '/home/ram/projects/dof_ws/install/dof_moveit_config/lib/python3.12/site-packages'
[1.186s] Level 1:colcon.colcon_core.environment:checking '/home/ram/projects/dof_ws/install/dof_moveit_config/bin'
[1.187s] INFO:colcon.colcon_core.shell:Creating package script '/home/ram/projects/dof_ws/install/dof_moveit_config/share/dof_moveit_config/package.ps1'
[1.187s] INFO:colcon.colcon_core.shell:Creating package descriptor '/home/ram/projects/dof_ws/install/dof_moveit_config/share/dof_moveit_config/package.dsv'
[1.188s] INFO:colcon.colcon_core.shell:Creating package script '/home/ram/projects/dof_ws/install/dof_moveit_config/share/dof_moveit_config/package.sh'
[1.188s] INFO:colcon.colcon_core.shell:Creating package script '/home/ram/projects/dof_ws/install/dof_moveit_config/share/dof_moveit_config/package.bash'
[1.189s] INFO:colcon.colcon_core.shell:Creating package script '/home/ram/projects/dof_ws/install/dof_moveit_config/share/dof_moveit_config/package.zsh'
[1.190s] Level 1:colcon.colcon_core.environment:create_file_with_runtime_dependencies(/home/ram/projects/dof_ws/install/dof_moveit_config/share/colcon-core/packages/dof_moveit_config)
[1.190s] DEBUG:colcon.colcon_parallel_executor.executor.parallel:closing loop
[1.190s] DEBUG:colcon.colcon_parallel_executor.executor.parallel:loop closed
[1.190s] DEBUG:colcon.colcon_parallel_executor.executor.parallel:run_until_complete finished with '0'
[1.190s] DEBUG:colcon.colcon_core.event_reactor:joining thread
[1.198s] INFO:colcon.colcon_core.plugin_system:Skipping extension 'colcon_notification.desktop_notification.terminal_notifier': Not used on non-Darwin systems
[1.198s] INFO:colcon.colcon_core.plugin_system:Skipping extension 'colcon_notification.desktop_notification.win32': Not used on non-Windows systems
[1.198s] INFO:colcon.colcon_notification.desktop_notification:Sending desktop notification using 'notify2'
[1.222s] DEBUG:colcon.colcon_core.event_reactor:joined thread
[1.223s] INFO:colcon.colcon_core.shell:Creating prefix script '/home/ram/projects/dof_ws/install/local_setup.ps1'
[1.225s] INFO:colcon.colcon_core.shell:Creating prefix util module '/home/ram/projects/dof_ws/install/_local_setup_util_ps1.py'
[1.227s] INFO:colcon.colcon_core.shell:Creating prefix chain script '/home/ram/projects/dof_ws/install/setup.ps1'
[1.230s] INFO:colcon.colcon_core.shell:Creating prefix script '/home/ram/projects/dof_ws/install/local_setup.sh'
[1.231s] INFO:colcon.colcon_core.shell:Creating prefix util module '/home/ram/projects/dof_ws/install/_local_setup_util_sh.py'
[1.232s] INFO:colcon.colcon_core.shell:Creating prefix chain script '/home/ram/projects/dof_ws/install/setup.sh'
[1.233s] INFO:colcon.colcon_core.shell:Creating prefix script '/home/ram/projects/dof_ws/install/local_setup.bash'
[1.234s] INFO:colcon.colcon_core.shell:Creating prefix chain script '/home/ram/projects/dof_ws/install/setup.bash'
[1.235s] INFO:colcon.colcon_core.shell:Creating prefix script '/home/ram/projects/dof_ws/install/local_setup.zsh'
[1.236s] INFO:colcon.colcon_core.shell:Creating prefix chain script '/home/ram/projects/dof_ws/install/setup.zsh'
