[0.226s] DEBUG:colcon:Command line arguments: ['/usr/bin/colcon', 'build', '--symlink-install']
[0.226s] DEBUG:colcon:Parsed command line arguments: Namespace(log_base=None, log_level=None, verb_name='build', build_base='build', install_base='install', merge_install=False, symlink_install=True, test_result_base=None, continue_on_error=False, executor='parallel', parallel_workers=8, event_handlers=None, ignore_user_meta=False, metas=['./colcon.meta'], base_paths=['.'], packages_ignore=None, packages_ignore_regex=None, paths=None, packages_up_to=None, packages_up_to_regex=None, packages_above=None, packages_above_and_dependencies=None, packages_above_depth=None, packages_select_by_dep=None, packages_skip_by_dep=None, packages_skip_up_to=None, packages_select_build_failed=False, packages_skip_build_finished=False, packages_select_test_failures=False, packages_skip_test_passed=False, packages_select=None, packages_skip=None, packages_select_regex=None, packages_skip_regex=None, packages_start=None, packages_end=None, allow_overriding=[], cmake_args=None, cmake_target=None, cmake_target_skip_unavailable=False, cmake_clean_cache=False, cmake_clean_first=False, cmake_force_configure=False, ament_cmake_args=None, catkin_cmake_args=None, catkin_skip_building_tests=False, mixin_files=None, mixin=None, verb_parser=<colcon_mixin.mixin.mixin_argument.MixinArgumentDecorator object at 0x70a464f88fe0>, verb_extension=<colcon_core.verb.build.BuildVerb object at 0x70a464f88d10>, main=<bound method BuildVerb.main of <colcon_core.verb.build.BuildVerb object at 0x70a464f88d10>>, mixin_verb=('build',))
[0.311s] Level 1:colcon.colcon_core.package_discovery:discover_packages(colcon_meta) check parameters
[0.312s] Level 1:colcon.colcon_core.package_discovery:discover_packages(recursive) check parameters
[0.312s] Level 1:colcon.colcon_core.package_discovery:discover_packages(ignore) check parameters
[0.312s] Level 1:colcon.colcon_core.package_discovery:discover_packages(path) check parameters
[0.312s] Level 1:colcon.colcon_core.package_discovery:discover_packages(colcon_meta) discover
[0.312s] Level 1:colcon.colcon_core.package_discovery:discover_packages(recursive) discover
[0.312s] INFO:colcon.colcon_core.package_discovery:Crawling recursively for packages in '/home/ram/projects/dof_ws'
[0.312s] Level 1:colcon.colcon_core.package_identification:_identify(.) by extensions ['ignore', 'ignore_ament_install']
[0.312s] Level 1:colcon.colcon_core.package_identification:_identify(.) by extension 'ignore'
[0.312s] Level 1:colcon.colcon_core.package_identification:_identify(.) by extension 'ignore_ament_install'
[0.312s] Level 1:colcon.colcon_core.package_identification:_identify(.) by extensions ['colcon_pkg']
[0.312s] Level 1:colcon.colcon_core.package_identification:_identify(.) by extension 'colcon_pkg'
[0.313s] Level 1:colcon.colcon_core.package_identification:_identify(.) by extensions ['colcon_meta']
[0.313s] Level 1:colcon.colcon_core.package_identification:_identify(.) by extension 'colcon_meta'
[0.313s] Level 1:colcon.colcon_core.package_identification:_identify(.) by extensions ['ros']
[0.313s] Level 1:colcon.colcon_core.package_identification:_identify(.) by extension 'ros'
[0.356s] Level 1:colcon.colcon_core.package_identification:_identify(.) by extensions ['cmake', 'python']
[0.356s] Level 1:colcon.colcon_core.package_identification:_identify(.) by extension 'cmake'
[0.356s] Level 1:colcon.colcon_core.package_identification:_identify(.) by extension 'python'
[0.356s] Level 1:colcon.colcon_core.package_identification:_identify(.) by extensions ['python_setup_py']
[0.356s] Level 1:colcon.colcon_core.package_identification:_identify(.) by extension 'python_setup_py'
[0.356s] Level 1:colcon.colcon_core.package_identification:_identify(build) by extensions ['ignore', 'ignore_ament_install']
[0.356s] Level 1:colcon.colcon_core.package_identification:_identify(build) by extension 'ignore'
[0.356s] Level 1:colcon.colcon_core.package_identification:_identify(build) ignored
[0.356s] Level 1:colcon.colcon_core.package_identification:_identify(install) by extensions ['ignore', 'ignore_ament_install']
[0.357s] Level 1:colcon.colcon_core.package_identification:_identify(install) by extension 'ignore'
[0.357s] Level 1:colcon.colcon_core.package_identification:_identify(install) ignored
[0.357s] Level 1:colcon.colcon_core.package_identification:_identify(log) by extensions ['ignore', 'ignore_ament_install']
[0.357s] Level 1:colcon.colcon_core.package_identification:_identify(log) by extension 'ignore'
[0.357s] Level 1:colcon.colcon_core.package_identification:_identify(log) ignored
[0.357s] Level 1:colcon.colcon_core.package_identification:_identify(src) by extensions ['ignore', 'ignore_ament_install']
[0.357s] Level 1:colcon.colcon_core.package_identification:_identify(src) by extension 'ignore'
[0.358s] Level 1:colcon.colcon_core.package_identification:_identify(src) by extension 'ignore_ament_install'
[0.358s] Level 1:colcon.colcon_core.package_identification:_identify(src) by extensions ['colcon_pkg']
[0.358s] Level 1:colcon.colcon_core.package_identification:_identify(src) by extension 'colcon_pkg'
[0.358s] Level 1:colcon.colcon_core.package_identification:_identify(src) by extensions ['colcon_meta']
[0.358s] Level 1:colcon.colcon_core.package_identification:_identify(src) by extension 'colcon_meta'
[0.358s] Level 1:colcon.colcon_core.package_identification:_identify(src) by extensions ['ros']
[0.358s] Level 1:colcon.colcon_core.package_identification:_identify(src) by extension 'ros'
[0.358s] Level 1:colcon.colcon_core.package_identification:_identify(src) by extensions ['cmake', 'python']
[0.358s] Level 1:colcon.colcon_core.package_identification:_identify(src) by extension 'cmake'
[0.358s] Level 1:colcon.colcon_core.package_identification:_identify(src) by extension 'python'
[0.358s] Level 1:colcon.colcon_core.package_identification:_identify(src) by extensions ['python_setup_py']
[0.358s] Level 1:colcon.colcon_core.package_identification:_identify(src) by extension 'python_setup_py'
[0.358s] Level 1:colcon.colcon_core.package_identification:_identify(src/dof_description) by extensions ['ignore', 'ignore_ament_install']
[0.359s] Level 1:colcon.colcon_core.package_identification:_identify(src/dof_description) by extension 'ignore'
[0.359s] Level 1:colcon.colcon_core.package_identification:_identify(src/dof_description) by extension 'ignore_ament_install'
[0.359s] Level 1:colcon.colcon_core.package_identification:_identify(src/dof_description) by extensions ['colcon_pkg']
[0.359s] Level 1:colcon.colcon_core.package_identification:_identify(src/dof_description) by extension 'colcon_pkg'
[0.359s] Level 1:colcon.colcon_core.package_identification:_identify(src/dof_description) by extensions ['colcon_meta']
[0.359s] Level 1:colcon.colcon_core.package_identification:_identify(src/dof_description) by extension 'colcon_meta'
[0.359s] Level 1:colcon.colcon_core.package_identification:_identify(src/dof_description) by extensions ['ros']
[0.359s] Level 1:colcon.colcon_core.package_identification:_identify(src/dof_description) by extension 'ros'
[0.363s] DEBUG:colcon.colcon_core.package_identification:Package 'src/dof_description' with type 'ros.ament_cmake' and name 'dof_description'
[0.363s] Level 1:colcon.colcon_core.package_identification:_identify(src/dof_moveit_config) by extensions ['ignore', 'ignore_ament_install']
[0.364s] Level 1:colcon.colcon_core.package_identification:_identify(src/dof_moveit_config) by extension 'ignore'
[0.364s] Level 1:colcon.colcon_core.package_identification:_identify(src/dof_moveit_config) by extension 'ignore_ament_install'
[0.364s] Level 1:colcon.colcon_core.package_identification:_identify(src/dof_moveit_config) by extensions ['colcon_pkg']
[0.364s] Level 1:colcon.colcon_core.package_identification:_identify(src/dof_moveit_config) by extension 'colcon_pkg'
[0.364s] Level 1:colcon.colcon_core.package_identification:_identify(src/dof_moveit_config) by extensions ['colcon_meta']
[0.364s] Level 1:colcon.colcon_core.package_identification:_identify(src/dof_moveit_config) by extension 'colcon_meta'
[0.364s] Level 1:colcon.colcon_core.package_identification:_identify(src/dof_moveit_config) by extensions ['ros']
[0.364s] Level 1:colcon.colcon_core.package_identification:_identify(src/dof_moveit_config) by extension 'ros'
[0.365s] DEBUG:colcon.colcon_core.package_identification:Package 'src/dof_moveit_config' with type 'ros.ament_cmake' and name 'dof_moveit_config'
[0.365s] Level 1:colcon.colcon_core.package_discovery:discover_packages(recursive) using defaults
[0.366s] Level 1:colcon.colcon_core.package_discovery:discover_packages(ignore) discover
[0.366s] Level 1:colcon.colcon_core.package_discovery:discover_packages(ignore) using defaults
[0.366s] Level 1:colcon.colcon_core.package_discovery:discover_packages(path) discover
[0.366s] Level 1:colcon.colcon_core.package_discovery:discover_packages(path) using defaults
[0.396s] Level 1:colcon.colcon_core.package_discovery:discover_packages(prefix_path) check parameters
[0.396s] Level 1:colcon.colcon_core.package_discovery:discover_packages(prefix_path) discover
[0.402s] DEBUG:colcon.colcon_installed_package_information.package_discovery:Found 432 installed packages in /opt/ros/jazzy
[0.404s] Level 1:colcon.colcon_core.package_discovery:discover_packages(prefix_path) using defaults
[0.502s] Level 5:colcon.colcon_core.verb:set package 'dof_description' build argument 'cmake_args' from command line to 'None'
[0.503s] Level 5:colcon.colcon_core.verb:set package 'dof_description' build argument 'cmake_target' from command line to 'None'
[0.503s] Level 5:colcon.colcon_core.verb:set package 'dof_description' build argument 'cmake_target_skip_unavailable' from command line to 'False'
[0.503s] Level 5:colcon.colcon_core.verb:set package 'dof_description' build argument 'cmake_clean_cache' from command line to 'False'
[0.503s] Level 5:colcon.colcon_core.verb:set package 'dof_description' build argument 'cmake_clean_first' from command line to 'False'
[0.503s] Level 5:colcon.colcon_core.verb:set package 'dof_description' build argument 'cmake_force_configure' from command line to 'False'
[0.503s] Level 5:colcon.colcon_core.verb:set package 'dof_description' build argument 'ament_cmake_args' from command line to 'None'
[0.503s] Level 5:colcon.colcon_core.verb:set package 'dof_description' build argument 'catkin_cmake_args' from command line to 'None'
[0.503s] Level 5:colcon.colcon_core.verb:set package 'dof_description' build argument 'catkin_skip_building_tests' from command line to 'False'
[0.503s] DEBUG:colcon.colcon_core.verb:Building package 'dof_description' with the following arguments: {'ament_cmake_args': None, 'build_base': '/home/ram/projects/dof_ws/build/dof_description', 'catkin_cmake_args': None, 'catkin_skip_building_tests': False, 'cmake_args': None, 'cmake_clean_cache': False, 'cmake_clean_first': False, 'cmake_force_configure': False, 'cmake_target': None, 'cmake_target_skip_unavailable': False, 'install_base': '/home/ram/projects/dof_ws/install/dof_description', 'merge_install': False, 'path': '/home/ram/projects/dof_ws/src/dof_description', 'symlink_install': True, 'test_result_base': None}
[0.503s] Level 5:colcon.colcon_core.verb:set package 'dof_moveit_config' build argument 'cmake_args' from command line to 'None'
[0.503s] Level 5:colcon.colcon_core.verb:set package 'dof_moveit_config' build argument 'cmake_target' from command line to 'None'
[0.503s] Level 5:colcon.colcon_core.verb:set package 'dof_moveit_config' build argument 'cmake_target_skip_unavailable' from command line to 'False'
[0.503s] Level 5:colcon.colcon_core.verb:set package 'dof_moveit_config' build argument 'cmake_clean_cache' from command line to 'False'
[0.503s] Level 5:colcon.colcon_core.verb:set package 'dof_moveit_config' build argument 'cmake_clean_first' from command line to 'False'
[0.504s] Level 5:colcon.colcon_core.verb:set package 'dof_moveit_config' build argument 'cmake_force_configure' from command line to 'False'
[0.504s] Level 5:colcon.colcon_core.verb:set package 'dof_moveit_config' build argument 'ament_cmake_args' from command line to 'None'
[0.504s] Level 5:colcon.colcon_core.verb:set package 'dof_moveit_config' build argument 'catkin_cmake_args' from command line to 'None'
[0.504s] Level 5:colcon.colcon_core.verb:set package 'dof_moveit_config' build argument 'catkin_skip_building_tests' from command line to 'False'
[0.504s] DEBUG:colcon.colcon_core.verb:Building package 'dof_moveit_config' with the following arguments: {'ament_cmake_args': None, 'build_base': '/home/ram/projects/dof_ws/build/dof_moveit_config', 'catkin_cmake_args': None, 'catkin_skip_building_tests': False, 'cmake_args': None, 'cmake_clean_cache': False, 'cmake_clean_first': False, 'cmake_force_configure': False, 'cmake_target': None, 'cmake_target_skip_unavailable': False, 'install_base': '/home/ram/projects/dof_ws/install/dof_moveit_config', 'merge_install': False, 'path': '/home/ram/projects/dof_ws/src/dof_moveit_config', 'symlink_install': True, 'test_result_base': None}
[0.504s] INFO:colcon.colcon_core.executor:Executing jobs using 'parallel' executor
[0.505s] DEBUG:colcon.colcon_parallel_executor.executor.parallel:run_until_complete
[0.505s] INFO:colcon.colcon_ros.task.ament_cmake.build:Building ROS package in '/home/ram/projects/dof_ws/src/dof_description' with build type 'ament_cmake'
[0.505s] INFO:colcon.colcon_cmake.task.cmake.build:Building CMake package in '/home/ram/projects/dof_ws/src/dof_description'
[0.509s] INFO:colcon.colcon_core.plugin_system:Skipping extension 'colcon_core.shell.bat': Not used on non-Windows systems
[0.510s] INFO:colcon.colcon_core.shell:Skip shell extension 'powershell' for command environment: Not usable outside of PowerShell
[0.510s] DEBUG:colcon.colcon_core.shell:Skip shell extension 'dsv' for command environment
[0.524s] DEBUG:colcon.colcon_core.event_handler.log_command:Invoking command in '/home/ram/projects/dof_ws/build/dof_description': CMAKE_PREFIX_PATH=${CMAKE_PREFIX_PATH}:/opt/ros/jazzy DEBUGINFOD_URLS=https://debuginfod.ubuntu.com /usr/bin/cmake --build /home/ram/projects/dof_ws/build/dof_description -- -j8 -l8
[0.640s] DEBUG:colcon.colcon_core.event_handler.log_command:Invoked command in '/home/ram/projects/dof_ws/build/dof_description' returned '0': CMAKE_PREFIX_PATH=${CMAKE_PREFIX_PATH}:/opt/ros/jazzy DEBUGINFOD_URLS=https://debuginfod.ubuntu.com /usr/bin/cmake --build /home/ram/projects/dof_ws/build/dof_description -- -j8 -l8
[0.656s] DEBUG:colcon.colcon_core.event_handler.log_command:Invoking command in '/home/ram/projects/dof_ws/build/dof_description': CMAKE_PREFIX_PATH=${CMAKE_PREFIX_PATH}:/opt/ros/jazzy DEBUGINFOD_URLS=https://debuginfod.ubuntu.com /usr/bin/cmake --install /home/ram/projects/dof_ws/build/dof_description
[0.696s] Level 1:colcon.colcon_core.environment:create_environment_scripts_only(dof_description)
[0.697s] DEBUG:colcon.colcon_core.event_handler.log_command:Invoked command in '/home/ram/projects/dof_ws/build/dof_description' returned '0': CMAKE_PREFIX_PATH=${CMAKE_PREFIX_PATH}:/opt/ros/jazzy DEBUGINFOD_URLS=https://debuginfod.ubuntu.com /usr/bin/cmake --install /home/ram/projects/dof_ws/build/dof_description
[0.702s] Level 1:colcon.colcon_core.environment:checking '/home/ram/projects/dof_ws/install/dof_description' for CMake module files
[0.703s] Level 1:colcon.colcon_core.environment:checking '/home/ram/projects/dof_ws/install/dof_description' for CMake config files
[0.704s] Level 1:colcon.colcon_core.shell:create_environment_hook('dof_description', 'cmake_prefix_path')
[0.704s] INFO:colcon.colcon_core.shell:Creating environment hook '/home/ram/projects/dof_ws/install/dof_description/share/dof_description/hook/cmake_prefix_path.ps1'
[0.706s] INFO:colcon.colcon_core.shell:Creating environment descriptor '/home/ram/projects/dof_ws/install/dof_description/share/dof_description/hook/cmake_prefix_path.dsv'
[0.706s] INFO:colcon.colcon_core.shell:Creating environment hook '/home/ram/projects/dof_ws/install/dof_description/share/dof_description/hook/cmake_prefix_path.sh'
[0.707s] Level 1:colcon.colcon_core.environment:checking '/home/ram/projects/dof_ws/install/dof_description/bin'
[0.708s] Level 1:colcon.colcon_core.environment:checking '/home/ram/projects/dof_ws/install/dof_description/lib/pkgconfig/dof_description.pc'
[0.708s] Level 1:colcon.colcon_core.environment:checking '/home/ram/projects/dof_ws/install/dof_description/lib/python3.12/site-packages'
[0.708s] Level 1:colcon.colcon_core.environment:checking '/home/ram/projects/dof_ws/install/dof_description/bin'
[0.709s] INFO:colcon.colcon_core.shell:Creating package script '/home/ram/projects/dof_ws/install/dof_description/share/dof_description/package.ps1'
[0.710s] INFO:colcon.colcon_core.shell:Creating package descriptor '/home/ram/projects/dof_ws/install/dof_description/share/dof_description/package.dsv'
[0.711s] INFO:colcon.colcon_core.shell:Creating package script '/home/ram/projects/dof_ws/install/dof_description/share/dof_description/package.sh'
[0.713s] INFO:colcon.colcon_core.shell:Creating package script '/home/ram/projects/dof_ws/install/dof_description/share/dof_description/package.bash'
[0.714s] INFO:colcon.colcon_core.shell:Creating package script '/home/ram/projects/dof_ws/install/dof_description/share/dof_description/package.zsh'
[0.715s] Level 1:colcon.colcon_core.environment:create_file_with_runtime_dependencies(/home/ram/projects/dof_ws/install/dof_description/share/colcon-core/packages/dof_description)
[0.716s] Level 1:colcon.colcon_core.environment:create_environment_scripts_only(dof_description)
[0.716s] Level 1:colcon.colcon_core.environment:checking '/home/ram/projects/dof_ws/install/dof_description' for CMake module files
[0.717s] Level 1:colcon.colcon_core.environment:checking '/home/ram/projects/dof_ws/install/dof_description' for CMake config files
[0.718s] Level 1:colcon.colcon_core.shell:create_environment_hook('dof_description', 'cmake_prefix_path')
[0.718s] INFO:colcon.colcon_core.shell:Creating environment hook '/home/ram/projects/dof_ws/install/dof_description/share/dof_description/hook/cmake_prefix_path.ps1'
[0.719s] INFO:colcon.colcon_core.shell:Creating environment descriptor '/home/ram/projects/dof_ws/install/dof_description/share/dof_description/hook/cmake_prefix_path.dsv'
[0.719s] INFO:colcon.colcon_core.shell:Creating environment hook '/home/ram/projects/dof_ws/install/dof_description/share/dof_description/hook/cmake_prefix_path.sh'
[0.720s] Level 1:colcon.colcon_core.environment:checking '/home/ram/projects/dof_ws/install/dof_description/bin'
[0.720s] Level 1:colcon.colcon_core.environment:checking '/home/ram/projects/dof_ws/install/dof_description/lib/pkgconfig/dof_description.pc'
[0.721s] Level 1:colcon.colcon_core.environment:checking '/home/ram/projects/dof_ws/install/dof_description/lib/python3.12/site-packages'
[0.722s] Level 1:colcon.colcon_core.environment:checking '/home/ram/projects/dof_ws/install/dof_description/bin'
[0.722s] INFO:colcon.colcon_core.shell:Creating package script '/home/ram/projects/dof_ws/install/dof_description/share/dof_description/package.ps1'
[0.722s] INFO:colcon.colcon_core.shell:Creating package descriptor '/home/ram/projects/dof_ws/install/dof_description/share/dof_description/package.dsv'
[0.723s] INFO:colcon.colcon_core.shell:Creating package script '/home/ram/projects/dof_ws/install/dof_description/share/dof_description/package.sh'
[0.724s] INFO:colcon.colcon_core.shell:Creating package script '/home/ram/projects/dof_ws/install/dof_description/share/dof_description/package.bash'
[0.725s] INFO:colcon.colcon_core.shell:Creating package script '/home/ram/projects/dof_ws/install/dof_description/share/dof_description/package.zsh'
[0.725s] Level 1:colcon.colcon_core.environment:create_file_with_runtime_dependencies(/home/ram/projects/dof_ws/install/dof_description/share/colcon-core/packages/dof_description)
[0.726s] INFO:colcon.colcon_ros.task.ament_cmake.build:Building ROS package in '/home/ram/projects/dof_ws/src/dof_moveit_config' with build type 'ament_cmake'
[0.726s] INFO:colcon.colcon_cmake.task.cmake.build:Building CMake package in '/home/ram/projects/dof_ws/src/dof_moveit_config'
[0.727s] INFO:colcon.colcon_core.shell:Skip shell extension 'powershell' for command environment: Not usable outside of PowerShell
[0.727s] DEBUG:colcon.colcon_core.shell:Skip shell extension 'dsv' for command environment
[0.744s] DEBUG:colcon.colcon_core.event_handler.log_command:Invoking command in '/home/ram/projects/dof_ws/build/dof_moveit_config': AMENT_PREFIX_PATH=/home/ram/projects/dof_ws/install/dof_description:${AMENT_PREFIX_PATH} CMAKE_PREFIX_PATH=/home/ram/projects/dof_ws/install/dof_description:/opt/ros/jazzy/opt/gz_sim_vendor:/opt/ros/jazzy/opt/gz_sensors_vendor:/opt/ros/jazzy/opt/gz_physics_vendor:/opt/ros/jazzy/opt/sdformat_vendor:/opt/ros/jazzy/opt/gz_gui_vendor:/opt/ros/jazzy/opt/gz_transport_vendor:/opt/ros/jazzy/opt/gz_rendering_vendor:/opt/ros/jazzy/opt/gz_plugin_vendor:/opt/ros/jazzy/opt/gz_fuel_tools_vendor:/opt/ros/jazzy/opt/gz_msgs_vendor:/opt/ros/jazzy/opt/gz_common_vendor:/opt/ros/jazzy/opt/gz_math_vendor:/opt/ros/jazzy/opt/gz_utils_vendor:/opt/ros/jazzy/opt/gz_tools_vendor:/opt/ros/jazzy/opt/gz_ogre_next_vendor:/opt/ros/jazzy/opt/gz_dartsim_vendor:/opt/ros/jazzy/opt/gz_cmake_vendor:/opt/ros/jazzy DEBUGINFOD_URLS=https://debuginfod.ubuntu.com /usr/bin/cmake --build /home/ram/projects/dof_ws/build/dof_moveit_config -- -j8 -l8
[0.804s] DEBUG:colcon.colcon_core.event_handler.log_command:Invoked command in '/home/ram/projects/dof_ws/build/dof_moveit_config' returned '0': AMENT_PREFIX_PATH=/home/ram/projects/dof_ws/install/dof_description:${AMENT_PREFIX_PATH} CMAKE_PREFIX_PATH=/home/ram/projects/dof_ws/install/dof_description:/opt/ros/jazzy/opt/gz_sim_vendor:/opt/ros/jazzy/opt/gz_sensors_vendor:/opt/ros/jazzy/opt/gz_physics_vendor:/opt/ros/jazzy/opt/sdformat_vendor:/opt/ros/jazzy/opt/gz_gui_vendor:/opt/ros/jazzy/opt/gz_transport_vendor:/opt/ros/jazzy/opt/gz_rendering_vendor:/opt/ros/jazzy/opt/gz_plugin_vendor:/opt/ros/jazzy/opt/gz_fuel_tools_vendor:/opt/ros/jazzy/opt/gz_msgs_vendor:/opt/ros/jazzy/opt/gz_common_vendor:/opt/ros/jazzy/opt/gz_math_vendor:/opt/ros/jazzy/opt/gz_utils_vendor:/opt/ros/jazzy/opt/gz_tools_vendor:/opt/ros/jazzy/opt/gz_ogre_next_vendor:/opt/ros/jazzy/opt/gz_dartsim_vendor:/opt/ros/jazzy/opt/gz_cmake_vendor:/opt/ros/jazzy DEBUGINFOD_URLS=https://debuginfod.ubuntu.com /usr/bin/cmake --build /home/ram/projects/dof_ws/build/dof_moveit_config -- -j8 -l8
[0.806s] DEBUG:colcon.colcon_core.event_handler.log_command:Invoking command in '/home/ram/projects/dof_ws/build/dof_moveit_config': AMENT_PREFIX_PATH=/home/ram/projects/dof_ws/install/dof_description:${AMENT_PREFIX_PATH} CMAKE_PREFIX_PATH=/home/ram/projects/dof_ws/install/dof_description:/opt/ros/jazzy/opt/gz_sim_vendor:/opt/ros/jazzy/opt/gz_sensors_vendor:/opt/ros/jazzy/opt/gz_physics_vendor:/opt/ros/jazzy/opt/sdformat_vendor:/opt/ros/jazzy/opt/gz_gui_vendor:/opt/ros/jazzy/opt/gz_transport_vendor:/opt/ros/jazzy/opt/gz_rendering_vendor:/opt/ros/jazzy/opt/gz_plugin_vendor:/opt/ros/jazzy/opt/gz_fuel_tools_vendor:/opt/ros/jazzy/opt/gz_msgs_vendor:/opt/ros/jazzy/opt/gz_common_vendor:/opt/ros/jazzy/opt/gz_math_vendor:/opt/ros/jazzy/opt/gz_utils_vendor:/opt/ros/jazzy/opt/gz_tools_vendor:/opt/ros/jazzy/opt/gz_ogre_next_vendor:/opt/ros/jazzy/opt/gz_dartsim_vendor:/opt/ros/jazzy/opt/gz_cmake_vendor:/opt/ros/jazzy DEBUGINFOD_URLS=https://debuginfod.ubuntu.com /usr/bin/cmake --install /home/ram/projects/dof_ws/build/dof_moveit_config
[0.845s] Level 1:colcon.colcon_core.environment:create_environment_scripts_only(dof_moveit_config)
[0.845s] Level 1:colcon.colcon_core.environment:checking '/home/ram/projects/dof_ws/install/dof_moveit_config' for CMake module files
[0.845s] DEBUG:colcon.colcon_core.event_handler.log_command:Invoked command in '/home/ram/projects/dof_ws/build/dof_moveit_config' returned '0': AMENT_PREFIX_PATH=/home/ram/projects/dof_ws/install/dof_description:${AMENT_PREFIX_PATH} CMAKE_PREFIX_PATH=/home/ram/projects/dof_ws/install/dof_description:/opt/ros/jazzy/opt/gz_sim_vendor:/opt/ros/jazzy/opt/gz_sensors_vendor:/opt/ros/jazzy/opt/gz_physics_vendor:/opt/ros/jazzy/opt/sdformat_vendor:/opt/ros/jazzy/opt/gz_gui_vendor:/opt/ros/jazzy/opt/gz_transport_vendor:/opt/ros/jazzy/opt/gz_rendering_vendor:/opt/ros/jazzy/opt/gz_plugin_vendor:/opt/ros/jazzy/opt/gz_fuel_tools_vendor:/opt/ros/jazzy/opt/gz_msgs_vendor:/opt/ros/jazzy/opt/gz_common_vendor:/opt/ros/jazzy/opt/gz_math_vendor:/opt/ros/jazzy/opt/gz_utils_vendor:/opt/ros/jazzy/opt/gz_tools_vendor:/opt/ros/jazzy/opt/gz_ogre_next_vendor:/opt/ros/jazzy/opt/gz_dartsim_vendor:/opt/ros/jazzy/opt/gz_cmake_vendor:/opt/ros/jazzy DEBUGINFOD_URLS=https://debuginfod.ubuntu.com /usr/bin/cmake --install /home/ram/projects/dof_ws/build/dof_moveit_config
[0.846s] Level 1:colcon.colcon_core.environment:checking '/home/ram/projects/dof_ws/install/dof_moveit_config' for CMake config files
[0.847s] Level 1:colcon.colcon_core.shell:create_environment_hook('dof_moveit_config', 'cmake_prefix_path')
[0.847s] INFO:colcon.colcon_core.shell:Creating environment hook '/home/ram/projects/dof_ws/install/dof_moveit_config/share/dof_moveit_config/hook/cmake_prefix_path.ps1'
[0.847s] INFO:colcon.colcon_core.shell:Creating environment descriptor '/home/ram/projects/dof_ws/install/dof_moveit_config/share/dof_moveit_config/hook/cmake_prefix_path.dsv'
[0.848s] INFO:colcon.colcon_core.shell:Creating environment hook '/home/ram/projects/dof_ws/install/dof_moveit_config/share/dof_moveit_config/hook/cmake_prefix_path.sh'
[0.849s] Level 1:colcon.colcon_core.environment:checking '/home/ram/projects/dof_ws/install/dof_moveit_config/bin'
[0.849s] Level 1:colcon.colcon_core.environment:checking '/home/ram/projects/dof_ws/install/dof_moveit_config/lib/pkgconfig/dof_moveit_config.pc'
[0.849s] Level 1:colcon.colcon_core.environment:checking '/home/ram/projects/dof_ws/install/dof_moveit_config/lib/python3.12/site-packages'
[0.849s] Level 1:colcon.colcon_core.environment:checking '/home/ram/projects/dof_ws/install/dof_moveit_config/bin'
[0.850s] INFO:colcon.colcon_core.shell:Creating package script '/home/ram/projects/dof_ws/install/dof_moveit_config/share/dof_moveit_config/package.ps1'
[0.850s] INFO:colcon.colcon_core.shell:Creating package descriptor '/home/ram/projects/dof_ws/install/dof_moveit_config/share/dof_moveit_config/package.dsv'
[0.851s] INFO:colcon.colcon_core.shell:Creating package script '/home/ram/projects/dof_ws/install/dof_moveit_config/share/dof_moveit_config/package.sh'
[0.851s] INFO:colcon.colcon_core.shell:Creating package script '/home/ram/projects/dof_ws/install/dof_moveit_config/share/dof_moveit_config/package.bash'
[0.852s] INFO:colcon.colcon_core.shell:Creating package script '/home/ram/projects/dof_ws/install/dof_moveit_config/share/dof_moveit_config/package.zsh'
[0.852s] Level 1:colcon.colcon_core.environment:create_file_with_runtime_dependencies(/home/ram/projects/dof_ws/install/dof_moveit_config/share/colcon-core/packages/dof_moveit_config)
[0.853s] Level 1:colcon.colcon_core.environment:create_environment_scripts_only(dof_moveit_config)
[0.853s] Level 1:colcon.colcon_core.environment:checking '/home/ram/projects/dof_ws/install/dof_moveit_config' for CMake module files
[0.854s] Level 1:colcon.colcon_core.environment:checking '/home/ram/projects/dof_ws/install/dof_moveit_config' for CMake config files
[0.854s] Level 1:colcon.colcon_core.shell:create_environment_hook('dof_moveit_config', 'cmake_prefix_path')
[0.854s] INFO:colcon.colcon_core.shell:Creating environment hook '/home/ram/projects/dof_ws/install/dof_moveit_config/share/dof_moveit_config/hook/cmake_prefix_path.ps1'
[0.855s] INFO:colcon.colcon_core.shell:Creating environment descriptor '/home/ram/projects/dof_ws/install/dof_moveit_config/share/dof_moveit_config/hook/cmake_prefix_path.dsv'
[0.855s] INFO:colcon.colcon_core.shell:Creating environment hook '/home/ram/projects/dof_ws/install/dof_moveit_config/share/dof_moveit_config/hook/cmake_prefix_path.sh'
[0.856s] Level 1:colcon.colcon_core.environment:checking '/home/ram/projects/dof_ws/install/dof_moveit_config/bin'
[0.856s] Level 1:colcon.colcon_core.environment:checking '/home/ram/projects/dof_ws/install/dof_moveit_config/lib/pkgconfig/dof_moveit_config.pc'
[0.857s] Level 1:colcon.colcon_core.environment:checking '/home/ram/projects/dof_ws/install/dof_moveit_config/lib/python3.12/site-packages'
[0.857s] Level 1:colcon.colcon_core.environment:checking '/home/ram/projects/dof_ws/install/dof_moveit_config/bin'
[0.857s] INFO:colcon.colcon_core.shell:Creating package script '/home/ram/projects/dof_ws/install/dof_moveit_config/share/dof_moveit_config/package.ps1'
[0.858s] INFO:colcon.colcon_core.shell:Creating package descriptor '/home/ram/projects/dof_ws/install/dof_moveit_config/share/dof_moveit_config/package.dsv'
[0.858s] INFO:colcon.colcon_core.shell:Creating package script '/home/ram/projects/dof_ws/install/dof_moveit_config/share/dof_moveit_config/package.sh'
[0.859s] INFO:colcon.colcon_core.shell:Creating package script '/home/ram/projects/dof_ws/install/dof_moveit_config/share/dof_moveit_config/package.bash'
[0.860s] INFO:colcon.colcon_core.shell:Creating package script '/home/ram/projects/dof_ws/install/dof_moveit_config/share/dof_moveit_config/package.zsh'
[0.860s] Level 1:colcon.colcon_core.environment:create_file_with_runtime_dependencies(/home/ram/projects/dof_ws/install/dof_moveit_config/share/colcon-core/packages/dof_moveit_config)
[0.860s] DEBUG:colcon.colcon_parallel_executor.executor.parallel:closing loop
[0.861s] DEBUG:colcon.colcon_parallel_executor.executor.parallel:loop closed
[0.861s] DEBUG:colcon.colcon_parallel_executor.executor.parallel:run_until_complete finished with '0'
[0.861s] DEBUG:colcon.colcon_core.event_reactor:joining thread
[0.869s] INFO:colcon.colcon_core.plugin_system:Skipping extension 'colcon_notification.desktop_notification.terminal_notifier': Not used on non-Darwin systems
[0.870s] INFO:colcon.colcon_core.plugin_system:Skipping extension 'colcon_notification.desktop_notification.win32': Not used on non-Windows systems
[0.870s] INFO:colcon.colcon_notification.desktop_notification:Sending desktop notification using 'notify2'
[0.887s] DEBUG:colcon.colcon_core.event_reactor:joined thread
[0.888s] INFO:colcon.colcon_core.shell:Creating prefix script '/home/ram/projects/dof_ws/install/local_setup.ps1'
[0.889s] INFO:colcon.colcon_core.shell:Creating prefix util module '/home/ram/projects/dof_ws/install/_local_setup_util_ps1.py'
[0.891s] INFO:colcon.colcon_core.shell:Creating prefix chain script '/home/ram/projects/dof_ws/install/setup.ps1'
[0.893s] INFO:colcon.colcon_core.shell:Creating prefix script '/home/ram/projects/dof_ws/install/local_setup.sh'
[0.894s] INFO:colcon.colcon_core.shell:Creating prefix util module '/home/ram/projects/dof_ws/install/_local_setup_util_sh.py'
[0.896s] INFO:colcon.colcon_core.shell:Creating prefix chain script '/home/ram/projects/dof_ws/install/setup.sh'
[0.899s] INFO:colcon.colcon_core.shell:Creating prefix script '/home/ram/projects/dof_ws/install/local_setup.bash'
[0.900s] INFO:colcon.colcon_core.shell:Creating prefix chain script '/home/ram/projects/dof_ws/install/setup.bash'
[0.902s] INFO:colcon.colcon_core.shell:Creating prefix script '/home/ram/projects/dof_ws/install/local_setup.zsh'
[0.902s] INFO:colcon.colcon_core.shell:Creating prefix chain script '/home/ram/projects/dof_ws/install/setup.zsh'
