[1.273s] Invoking command in '/home/ram/projects/dof_ws/build/ros_tcp_endpoint': DEBUGINFOD_URLS=https://debuginfod.ubuntu.com PYTHONPATH=/home/ram/projects/dof_ws/build/ros_tcp_endpoint/prefix_override:/usr/lib/python3/dist-packages/colcon_core/task/python/colcon_distutils_commands:/home/ram/projects/dof_ws/install/ros_tcp_endpoint/lib/python3.12/site-packages:${PYTHONPATH} /usr/bin/python3 -W ignore:setup.py install is deprecated -W ignore:easy_install command is deprecated setup.py develop --editable --build-directory /home/ram/projects/dof_ws/build/ros_tcp_endpoint/build --no-deps symlink_data
[1.387s] /usr/lib/python3/dist-packages/setuptools/dist.py:744: SetuptoolsDeprecationWarning: Invalid dash-separated options
[1.387s] !!
[1.387s] 
[1.387s]         ********************************************************************************
[1.387s]         Usage of dash-separated 'script-dir' will not be supported in future
[1.387s]         versions. Please use the underscore name 'script_dir' instead.
[1.387s] 
[1.387s]         This deprecation is overdue, please update your project and remove deprecated
[1.388s]         calls to avoid build errors in the future.
[1.388s] 
[1.388s]         See https://setuptools.pypa.io/en/latest/userguide/declarative_config.html for details.
[1.388s]         ********************************************************************************
[1.388s] 
[1.388s] !!
[1.388s]   opt = self.warn_dash_deprecation(opt, section)
[1.593s] running develop
[1.812s] running egg_info
[1.812s] creating ros_tcp_endpoint.egg-info
[1.833s] writing ros_tcp_endpoint.egg-info/PKG-INFO
[1.833s] writing dependency_links to ros_tcp_endpoint.egg-info/dependency_links.txt
[1.833s] writing entry points to ros_tcp_endpoint.egg-info/entry_points.txt
[1.833s] writing requirements to ros_tcp_endpoint.egg-info/requires.txt
[1.834s] writing top-level names to ros_tcp_endpoint.egg-info/top_level.txt
[1.834s] writing manifest file 'ros_tcp_endpoint.egg-info/SOURCES.txt'
[1.877s] reading manifest file 'ros_tcp_endpoint.egg-info/SOURCES.txt'
[1.878s] writing manifest file 'ros_tcp_endpoint.egg-info/SOURCES.txt'
[1.900s] running build_ext
[1.902s] Creating /home/ram/projects/dof_ws/install/ros_tcp_endpoint/lib/python3.12/site-packages/ros-tcp-endpoint.egg-link (link to .)
[1.902s] Installing default_server_endpoint script to /home/ram/projects/dof_ws/install/ros_tcp_endpoint/lib/ros_tcp_endpoint
[1.903s] 
[1.903s] Installed /home/ram/projects/dof_ws/build/ros_tcp_endpoint
[1.903s] running symlink_data
[1.903s] creating /home/ram/projects/dof_ws/install/ros_tcp_endpoint/share/ament_index
[1.903s] creating /home/ram/projects/dof_ws/install/ros_tcp_endpoint/share/ament_index/resource_index
[1.903s] creating /home/ram/projects/dof_ws/install/ros_tcp_endpoint/share/ament_index/resource_index/packages
[1.904s] symbolically linking /home/ram/projects/dof_ws/build/ros_tcp_endpoint/resource/ros_tcp_endpoint -> /home/ram/projects/dof_ws/install/ros_tcp_endpoint/share/ament_index/resource_index/packages
[1.904s] symbolically linking /home/ram/projects/dof_ws/build/ros_tcp_endpoint/package.xml -> /home/ram/projects/dof_ws/install/ros_tcp_endpoint/share/ros_tcp_endpoint
[1.904s] creating /home/ram/projects/dof_ws/install/ros_tcp_endpoint/share/ros_tcp_endpoint/launch
[1.904s] symbolically linking /home/ram/projects/dof_ws/build/ros_tcp_endpoint/launch/endpoint.py -> /home/ram/projects/dof_ws/install/ros_tcp_endpoint/share/ros_tcp_endpoint/launch
[1.929s] Invoked command in '/home/ram/projects/dof_ws/build/ros_tcp_endpoint' returned '0': DEBUGINFOD_URLS=https://debuginfod.ubuntu.com PYTHONPATH=/home/ram/projects/dof_ws/build/ros_tcp_endpoint/prefix_override:/usr/lib/python3/dist-packages/colcon_core/task/python/colcon_distutils_commands:/home/ram/projects/dof_ws/install/ros_tcp_endpoint/lib/python3.12/site-packages:${PYTHONPATH} /usr/bin/python3 -W ignore:setup.py install is deprecated -W ignore:easy_install command is deprecated setup.py develop --editable --build-directory /home/ram/projects/dof_ws/build/ros_tcp_endpoint/build --no-deps symlink_data
