[0.016s] Invoking command in '/home/ram/projects/dof_ws/build/dof_description': CMAKE_PREFIX_PATH=${CMAKE_PREFIX_PATH}:/opt/ros/jazzy DEBUGINFOD_URLS=https://debuginfod.ubuntu.com /usr/bin/cmake --build /home/ram/projects/dof_ws/build/dof_description -- -j8 -l8
[0.056s] -- Found ament_cmake: 2.5.4 (/opt/ros/jazzy/share/ament_cmake/cmake)
[0.369s] -- Override CMake install command with custom implementation using symlinks instead of copying resources
[0.383s] -- Found rclcpp: 28.1.11 (/opt/ros/jazzy/share/rclcpp/cmake)
[0.431s] -- Found rosidl_generator_c: 4.6.6 (/opt/ros/jazzy/share/rosidl_generator_c/cmake)
[0.447s] -- Found rosidl_generator_cpp: 4.6.6 (/opt/ros/jazzy/share/rosidl_generator_cpp/cmake)
[0.467s] -- Using all available rosidl_typesupport_c: rosidl_typesupport_fastrtps_c;rosidl_typesupport_introspection_c
[0.491s] -- Using all available rosidl_typesupport_cpp: rosidl_typesupport_fastrtps_cpp;rosidl_typesupport_introspection_cpp
[0.597s] -- Found rmw_implementation_cmake: 7.3.2 (/opt/ros/jazzy/share/rmw_implementation_cmake/cmake)
[0.600s] -- Found rmw_fastrtps_cpp: 8.4.3 (/opt/ros/jazzy/share/rmw_fastrtps_cpp/cmake)
[0.704s] -- Using RMW implementation 'rmw_fastrtps_cpp' as default
[0.813s] -- Found std_msgs: 5.3.6 (/opt/ros/jazzy/share/std_msgs/cmake)
[0.837s] -- Found trajectory_msgs: 5.3.6 (/opt/ros/jazzy/share/trajectory_msgs/cmake)
[0.902s] -- Found ament_lint_auto: 0.17.3 (/opt/ros/jazzy/share/ament_lint_auto/cmake)
[1.070s] -- Added test 'flake8' to check Python code syntax and style conventions
[1.071s] -- Configured 'flake8' exclude dirs and/or files: 
[1.071s] -- Added test 'lint_cmake' to check CMake code style
[1.073s] -- Added test 'pep257' to check Python code against some of the docstring style conventions in PEP 257
[1.076s] -- Added test 'xmllint' to check XML markup files
[1.079s] -- Configuring done (1.0s)
[1.091s] -- Generating done (0.0s)
[1.094s] -- Build files have been written to: /home/ram/projects/dof_ws/build/dof_description
[1.135s] Invoked command in '/home/ram/projects/dof_ws/build/dof_description' returned '0': CMAKE_PREFIX_PATH=${CMAKE_PREFIX_PATH}:/opt/ros/jazzy DEBUGINFOD_URLS=https://debuginfod.ubuntu.com /usr/bin/cmake --build /home/ram/projects/dof_ws/build/dof_description -- -j8 -l8
[1.150s] Invoking command in '/home/ram/projects/dof_ws/build/dof_description': CMAKE_PREFIX_PATH=${CMAKE_PREFIX_PATH}:/opt/ros/jazzy DEBUGINFOD_URLS=https://debuginfod.ubuntu.com /usr/bin/cmake --install /home/ram/projects/dof_ws/build/dof_description
[1.163s] -- Install configuration: ""
[1.163s] -- Execute custom install script
[1.164s] -- Up-to-date symlink: /home/ram/projects/dof_ws/install/dof_description/share/dof_description/urdf/dof.gazebo
[1.164s] -- Up-to-date symlink: /home/ram/projects/dof_ws/install/dof_description/share/dof_description/urdf/dof.trans
[1.164s] -- Up-to-date symlink: /home/ram/projects/dof_ws/install/dof_description/share/dof_description/urdf/dof.xacro
[1.165s] -- Up-to-date symlink: /home/ram/projects/dof_ws/install/dof_description/share/dof_description/urdf/materials.xacro
[1.165s] -- Up-to-date symlink: /home/ram/projects/dof_ws/install/dof_description/share/dof_description/meshes/base_link.stl
[1.165s] -- Up-to-date symlink: /home/ram/projects/dof_ws/install/dof_description/share/dof_description/meshes/link_1_1.stl
[1.166s] -- Up-to-date symlink: /home/ram/projects/dof_ws/install/dof_description/share/dof_description/meshes/link_2_1.stl
[1.166s] -- Up-to-date symlink: /home/ram/projects/dof_ws/install/dof_description/share/dof_description/meshes/link_3_1.stl
[1.166s] -- Up-to-date symlink: /home/ram/projects/dof_ws/install/dof_description/share/dof_description/meshes/link_4_1.stl
[1.166s] -- Up-to-date symlink: /home/ram/projects/dof_ws/install/dof_description/share/dof_description/meshes/link_5_1.stl
[1.167s] -- Up-to-date symlink: /home/ram/projects/dof_ws/install/dof_description/share/dof_description/meshes/link_6_1.stl
[1.167s] -- Up-to-date symlink: /home/ram/projects/dof_ws/install/dof_description/share/dof_description/meshes/link_7_1.stl
[1.167s] -- Up-to-date symlink: /home/ram/projects/dof_ws/install/dof_description/share/dof_description/meshes/link_8_1.stl
[1.168s] -- Up-to-date symlink: /home/ram/projects/dof_ws/install/dof_description/share/dof_description/launch/display.launch.py
[1.168s] -- Up-to-date symlink: /home/ram/projects/dof_ws/install/dof_description/share/dof_description/launch/gazebo.launch.py
[1.168s] -- Up-to-date symlink: /home/ram/projects/dof_ws/install/dof_description/share/ament_index/resource_index/package_run_dependencies/dof_description
[1.169s] -- Up-to-date symlink: /home/ram/projects/dof_ws/install/dof_description/share/ament_index/resource_index/parent_prefix_path/dof_description
[1.169s] -- Up-to-date symlink: /home/ram/projects/dof_ws/install/dof_description/share/dof_description/environment/ament_prefix_path.sh
[1.169s] -- Up-to-date symlink: /home/ram/projects/dof_ws/install/dof_description/share/dof_description/environment/ament_prefix_path.dsv
[1.170s] -- Up-to-date symlink: /home/ram/projects/dof_ws/install/dof_description/share/dof_description/environment/path.sh
[1.170s] -- Up-to-date symlink: /home/ram/projects/dof_ws/install/dof_description/share/dof_description/environment/path.dsv
[1.170s] -- Up-to-date symlink: /home/ram/projects/dof_ws/install/dof_description/share/dof_description/local_setup.bash
[1.170s] -- Up-to-date symlink: /home/ram/projects/dof_ws/install/dof_description/share/dof_description/local_setup.sh
[1.171s] -- Up-to-date symlink: /home/ram/projects/dof_ws/install/dof_description/share/dof_description/local_setup.zsh
[1.171s] -- Up-to-date symlink: /home/ram/projects/dof_ws/install/dof_description/share/dof_description/local_setup.dsv
[1.171s] -- Symlinking: /home/ram/projects/dof_ws/install/dof_description/share/dof_description/package.dsv
[1.186s] -- Up-to-date symlink: /home/ram/projects/dof_ws/install/dof_description/share/ament_index/resource_index/packages/dof_description
[1.186s] -- Up-to-date symlink: /home/ram/projects/dof_ws/install/dof_description/share/dof_description/cmake/dof_descriptionConfig.cmake
[1.186s] -- Up-to-date symlink: /home/ram/projects/dof_ws/install/dof_description/share/dof_description/cmake/dof_descriptionConfig-version.cmake
[1.187s] -- Up-to-date symlink: /home/ram/projects/dof_ws/install/dof_description/share/dof_description/package.xml
[1.189s] Invoked command in '/home/ram/projects/dof_ws/build/dof_description' returned '0': CMAKE_PREFIX_PATH=${CMAKE_PREFIX_PATH}:/opt/ros/jazzy DEBUGINFOD_URLS=https://debuginfod.ubuntu.com /usr/bin/cmake --install /home/ram/projects/dof_ws/build/dof_description
