[0.017s] Invoking command in '/home/ram/projects/dof_ws/build/dof_description': CMAKE_PREFIX_PATH=${CMAKE_PREFIX_PATH}:/opt/ros/jazzy DEBUGINFOD_URLS=https://debuginfod.ubuntu.com /usr/bin/cmake --build /home/ram/projects/dof_ws/build/dof_description -- -j8 -l8
[0.056s] -- Found ament_cmake: 2.5.4 (/opt/ros/jazzy/share/ament_cmake/cmake)
[0.367s] -- Override CMake install command with custom implementation using symlinks instead of copying resources
[0.379s] -- Found rclcpp: 28.1.11 (/opt/ros/jazzy/share/rclcpp/cmake)
[0.425s] -- Found rosidl_generator_c: 4.6.6 (/opt/ros/jazzy/share/rosidl_generator_c/cmake)
[0.441s] -- Found rosidl_generator_cpp: 4.6.6 (/opt/ros/jazzy/share/rosidl_generator_cpp/cmake)
[0.460s] -- Using all available rosidl_typesupport_c: rosidl_typesupport_fastrtps_c;rosidl_typesupport_introspection_c
[0.483s] -- Using all available rosidl_typesupport_cpp: rosidl_typesupport_fastrtps_cpp;rosidl_typesupport_introspection_cpp
[0.588s] -- Found rmw_implementation_cmake: 7.3.2 (/opt/ros/jazzy/share/rmw_implementation_cmake/cmake)
[0.591s] -- Found rmw_fastrtps_cpp: 8.4.3 (/opt/ros/jazzy/share/rmw_fastrtps_cpp/cmake)
[0.694s] -- Using RMW implementation 'rmw_fastrtps_cpp' as default
[0.804s] -- Found std_msgs: 5.3.6 (/opt/ros/jazzy/share/std_msgs/cmake)
[0.828s] -- Found trajectory_msgs: 5.3.6 (/opt/ros/jazzy/share/trajectory_msgs/cmake)
[0.888s] -- Found ament_lint_auto: 0.17.3 (/opt/ros/jazzy/share/ament_lint_auto/cmake)
[1.033s] -- Added test 'flake8' to check Python code syntax and style conventions
[1.033s] -- Configured 'flake8' exclude dirs and/or files: 
[1.034s] -- Added test 'lint_cmake' to check CMake code style
[1.034s] -- Added test 'pep257' to check Python code against some of the docstring style conventions in PEP 257
[1.037s] -- Added test 'xmllint' to check XML markup files
[1.039s] -- Configuring done (1.0s)
[1.046s] -- Generating done (0.0s)
[1.050s] -- Build files have been written to: /home/ram/projects/dof_ws/build/dof_description
[1.090s] Invoked command in '/home/ram/projects/dof_ws/build/dof_description' returned '0': CMAKE_PREFIX_PATH=${CMAKE_PREFIX_PATH}:/opt/ros/jazzy DEBUGINFOD_URLS=https://debuginfod.ubuntu.com /usr/bin/cmake --build /home/ram/projects/dof_ws/build/dof_description -- -j8 -l8
[1.106s] Invoking command in '/home/ram/projects/dof_ws/build/dof_description': CMAKE_PREFIX_PATH=${CMAKE_PREFIX_PATH}:/opt/ros/jazzy DEBUGINFOD_URLS=https://debuginfod.ubuntu.com /usr/bin/cmake --install /home/ram/projects/dof_ws/build/dof_description
[1.118s] -- Install configuration: ""
[1.118s] -- Execute custom install script
[1.119s] -- Up-to-date symlink: /home/ram/projects/dof_ws/install/dof_description/share/dof_description/urdf/dof.gazebo
[1.119s] -- Up-to-date symlink: /home/ram/projects/dof_ws/install/dof_description/share/dof_description/urdf/dof.trans
[1.120s] -- Up-to-date symlink: /home/ram/projects/dof_ws/install/dof_description/share/dof_description/urdf/dof.xacro
[1.120s] -- Up-to-date symlink: /home/ram/projects/dof_ws/install/dof_description/share/dof_description/urdf/materials.xacro
[1.120s] -- Up-to-date symlink: /home/ram/projects/dof_ws/install/dof_description/share/dof_description/meshes/base_link.stl
[1.120s] -- Up-to-date symlink: /home/ram/projects/dof_ws/install/dof_description/share/dof_description/meshes/link_1_1.stl
[1.121s] -- Up-to-date symlink: /home/ram/projects/dof_ws/install/dof_description/share/dof_description/meshes/link_2_1.stl
[1.121s] -- Up-to-date symlink: /home/ram/projects/dof_ws/install/dof_description/share/dof_description/meshes/link_3_1.stl
[1.121s] -- Up-to-date symlink: /home/ram/projects/dof_ws/install/dof_description/share/dof_description/meshes/link_4_1.stl
[1.121s] -- Up-to-date symlink: /home/ram/projects/dof_ws/install/dof_description/share/dof_description/meshes/link_5_1.stl
[1.121s] -- Up-to-date symlink: /home/ram/projects/dof_ws/install/dof_description/share/dof_description/meshes/link_6_1.stl
[1.122s] -- Up-to-date symlink: /home/ram/projects/dof_ws/install/dof_description/share/dof_description/meshes/link_7_1.stl
[1.122s] -- Up-to-date symlink: /home/ram/projects/dof_ws/install/dof_description/share/dof_description/meshes/link_8_1.stl
[1.122s] -- Up-to-date symlink: /home/ram/projects/dof_ws/install/dof_description/share/dof_description/launch/display.launch.py
[1.122s] -- Up-to-date symlink: /home/ram/projects/dof_ws/install/dof_description/share/dof_description/launch/gazebo.launch.py
[1.123s] -- Symlinking: /home/ram/projects/dof_ws/install/dof_description/share/dof_description/config/gz_bridge.yaml
[1.137s] -- Up-to-date symlink: /home/ram/projects/dof_ws/install/dof_description/share/ament_index/resource_index/package_run_dependencies/dof_description
[1.137s] -- Up-to-date symlink: /home/ram/projects/dof_ws/install/dof_description/share/ament_index/resource_index/parent_prefix_path/dof_description
[1.137s] -- Up-to-date symlink: /home/ram/projects/dof_ws/install/dof_description/share/dof_description/environment/ament_prefix_path.sh
[1.138s] -- Up-to-date symlink: /home/ram/projects/dof_ws/install/dof_description/share/dof_description/environment/ament_prefix_path.dsv
[1.138s] -- Up-to-date symlink: /home/ram/projects/dof_ws/install/dof_description/share/dof_description/environment/path.sh
[1.138s] -- Up-to-date symlink: /home/ram/projects/dof_ws/install/dof_description/share/dof_description/environment/path.dsv
[1.138s] -- Up-to-date symlink: /home/ram/projects/dof_ws/install/dof_description/share/dof_description/local_setup.bash
[1.139s] -- Up-to-date symlink: /home/ram/projects/dof_ws/install/dof_description/share/dof_description/local_setup.sh
[1.139s] -- Up-to-date symlink: /home/ram/projects/dof_ws/install/dof_description/share/dof_description/local_setup.zsh
[1.139s] -- Up-to-date symlink: /home/ram/projects/dof_ws/install/dof_description/share/dof_description/local_setup.dsv
[1.139s] -- Symlinking: /home/ram/projects/dof_ws/install/dof_description/share/dof_description/package.dsv
[1.154s] -- Up-to-date symlink: /home/ram/projects/dof_ws/install/dof_description/share/ament_index/resource_index/packages/dof_description
[1.154s] -- Up-to-date symlink: /home/ram/projects/dof_ws/install/dof_description/share/dof_description/cmake/dof_descriptionConfig.cmake
[1.154s] -- Up-to-date symlink: /home/ram/projects/dof_ws/install/dof_description/share/dof_description/cmake/dof_descriptionConfig-version.cmake
[1.154s] -- Up-to-date symlink: /home/ram/projects/dof_ws/install/dof_description/share/dof_description/package.xml
[1.157s] Invoked command in '/home/ram/projects/dof_ws/build/dof_description' returned '0': CMAKE_PREFIX_PATH=${CMAKE_PREFIX_PATH}:/opt/ros/jazzy DEBUGINFOD_URLS=https://debuginfod.ubuntu.com /usr/bin/cmake --install /home/ram/projects/dof_ws/build/dof_description
