[0.016s] Invoking command in '/home/ram/projects/dof_ws/build/dof_moveit_config': CMAKE_PREFIX_PATH=/home/ram/projects/dof_ws/install/dof_description:/home/ram/projects/dof_ws/install/dof_moveit_config:/home/ram/projects/arm_ws/install/arm2_moveit_config:/home/ram/projects/arm_ws/install/arm2_description:/opt/ros/jazzy/opt/gz_sim_vendor:/opt/ros/jazzy/opt/gz_sensors_vendor:/opt/ros/jazzy/opt/gz_physics_vendor:/opt/ros/jazzy/opt/sdformat_vendor:/opt/ros/jazzy/opt/gz_gui_vendor:/opt/ros/jazzy/opt/gz_transport_vendor:/opt/ros/jazzy/opt/gz_rendering_vendor:/opt/ros/jazzy/opt/gz_plugin_vendor:/opt/ros/jazzy/opt/gz_fuel_tools_vendor:/opt/ros/jazzy/opt/gz_msgs_vendor:/opt/ros/jazzy/opt/gz_common_vendor:/opt/ros/jazzy/opt/gz_math_vendor:/opt/ros/jazzy/opt/gz_utils_vendor:/opt/ros/jazzy/opt/gz_tools_vendor:/opt/ros/jazzy/opt/gz_ogre_next_vendor:/opt/ros/jazzy/opt/gz_dartsim_vendor:/opt/ros/jazzy/opt/gz_cmake_vendor:/opt/ros/jazzy DEBUGINFOD_URLS=https://debuginfod.ubuntu.com /usr/bin/cmake --build /home/ram/projects/dof_ws/build/dof_moveit_config -- -j8 -l8
[0.061s] -- Found ament_cmake: 2.5.4 (/opt/ros/jazzy/share/ament_cmake/cmake)
[0.456s] -- Override CMake install command with custom implementation using symlinks instead of copying resources
[0.638s] -- Configuring done (0.6s)
[0.643s] -- Generating done (0.0s)
[0.646s] -- Build files have been written to: /home/ram/projects/dof_ws/build/dof_moveit_config
[0.686s] Invoked command in '/home/ram/projects/dof_ws/build/dof_moveit_config' returned '0': CMAKE_PREFIX_PATH=/home/ram/projects/dof_ws/install/dof_description:/home/ram/projects/dof_ws/install/dof_moveit_config:/home/ram/projects/arm_ws/install/arm2_moveit_config:/home/ram/projects/arm_ws/install/arm2_description:/opt/ros/jazzy/opt/gz_sim_vendor:/opt/ros/jazzy/opt/gz_sensors_vendor:/opt/ros/jazzy/opt/gz_physics_vendor:/opt/ros/jazzy/opt/sdformat_vendor:/opt/ros/jazzy/opt/gz_gui_vendor:/opt/ros/jazzy/opt/gz_transport_vendor:/opt/ros/jazzy/opt/gz_rendering_vendor:/opt/ros/jazzy/opt/gz_plugin_vendor:/opt/ros/jazzy/opt/gz_fuel_tools_vendor:/opt/ros/jazzy/opt/gz_msgs_vendor:/opt/ros/jazzy/opt/gz_common_vendor:/opt/ros/jazzy/opt/gz_math_vendor:/opt/ros/jazzy/opt/gz_utils_vendor:/opt/ros/jazzy/opt/gz_tools_vendor:/opt/ros/jazzy/opt/gz_ogre_next_vendor:/opt/ros/jazzy/opt/gz_dartsim_vendor:/opt/ros/jazzy/opt/gz_cmake_vendor:/opt/ros/jazzy DEBUGINFOD_URLS=https://debuginfod.ubuntu.com /usr/bin/cmake --build /home/ram/projects/dof_ws/build/dof_moveit_config -- -j8 -l8
[0.688s] Invoking command in '/home/ram/projects/dof_ws/build/dof_moveit_config': CMAKE_PREFIX_PATH=/home/ram/projects/dof_ws/install/dof_description:/home/ram/projects/dof_ws/install/dof_moveit_config:/home/ram/projects/arm_ws/install/arm2_moveit_config:/home/ram/projects/arm_ws/install/arm2_description:/opt/ros/jazzy/opt/gz_sim_vendor:/opt/ros/jazzy/opt/gz_sensors_vendor:/opt/ros/jazzy/opt/gz_physics_vendor:/opt/ros/jazzy/opt/sdformat_vendor:/opt/ros/jazzy/opt/gz_gui_vendor:/opt/ros/jazzy/opt/gz_transport_vendor:/opt/ros/jazzy/opt/gz_rendering_vendor:/opt/ros/jazzy/opt/gz_plugin_vendor:/opt/ros/jazzy/opt/gz_fuel_tools_vendor:/opt/ros/jazzy/opt/gz_msgs_vendor:/opt/ros/jazzy/opt/gz_common_vendor:/opt/ros/jazzy/opt/gz_math_vendor:/opt/ros/jazzy/opt/gz_utils_vendor:/opt/ros/jazzy/opt/gz_tools_vendor:/opt/ros/jazzy/opt/gz_ogre_next_vendor:/opt/ros/jazzy/opt/gz_dartsim_vendor:/opt/ros/jazzy/opt/gz_cmake_vendor:/opt/ros/jazzy DEBUGINFOD_URLS=https://debuginfod.ubuntu.com /usr/bin/cmake --install /home/ram/projects/dof_ws/build/dof_moveit_config
[0.701s] -- Install configuration: ""
[0.702s] -- Execute custom install script
[0.703s] -- Up-to-date symlink: /home/ram/projects/dof_ws/install/dof_moveit_config/share/ament_index/resource_index/package_run_dependencies/dof_moveit_config
[0.703s] -- Up-to-date symlink: /home/ram/projects/dof_ws/install/dof_moveit_config/share/ament_index/resource_index/parent_prefix_path/dof_moveit_config
[0.704s] -- Up-to-date symlink: /home/ram/projects/dof_ws/install/dof_moveit_config/share/dof_moveit_config/environment/ament_prefix_path.sh
[0.704s] -- Up-to-date symlink: /home/ram/projects/dof_ws/install/dof_moveit_config/share/dof_moveit_config/environment/ament_prefix_path.dsv
[0.705s] -- Up-to-date symlink: /home/ram/projects/dof_ws/install/dof_moveit_config/share/dof_moveit_config/environment/path.sh
[0.705s] -- Up-to-date symlink: /home/ram/projects/dof_ws/install/dof_moveit_config/share/dof_moveit_config/environment/path.dsv
[0.706s] -- Up-to-date symlink: /home/ram/projects/dof_ws/install/dof_moveit_config/share/dof_moveit_config/local_setup.bash
[0.706s] -- Up-to-date symlink: /home/ram/projects/dof_ws/install/dof_moveit_config/share/dof_moveit_config/local_setup.sh
[0.707s] -- Up-to-date symlink: /home/ram/projects/dof_ws/install/dof_moveit_config/share/dof_moveit_config/local_setup.zsh
[0.707s] -- Up-to-date symlink: /home/ram/projects/dof_ws/install/dof_moveit_config/share/dof_moveit_config/local_setup.dsv
[0.707s] -- Symlinking: /home/ram/projects/dof_ws/install/dof_moveit_config/share/dof_moveit_config/package.dsv
[0.727s] -- Up-to-date symlink: /home/ram/projects/dof_ws/install/dof_moveit_config/share/ament_index/resource_index/packages/dof_moveit_config
[0.727s] -- Up-to-date symlink: /home/ram/projects/dof_ws/install/dof_moveit_config/share/dof_moveit_config/cmake/dof_moveit_configConfig.cmake
[0.727s] -- Up-to-date symlink: /home/ram/projects/dof_ws/install/dof_moveit_config/share/dof_moveit_config/cmake/dof_moveit_configConfig-version.cmake
[0.727s] -- Up-to-date symlink: /home/ram/projects/dof_ws/install/dof_moveit_config/share/dof_moveit_config/package.xml
[0.728s] -- Up-to-date symlink: /home/ram/projects/dof_ws/install/dof_moveit_config/share/dof_moveit_config/launch/demo.launch.py
[0.729s] -- Up-to-date symlink: /home/ram/projects/dof_ws/install/dof_moveit_config/share/dof_moveit_config/launch/move_group.launch.py
[0.729s] -- Up-to-date symlink: /home/ram/projects/dof_ws/install/dof_moveit_config/share/dof_moveit_config/launch/move_servo.launch.py
[0.729s] -- Up-to-date symlink: /home/ram/projects/dof_ws/install/dof_moveit_config/share/dof_moveit_config/launch/moveit_rviz.launch.py
[0.729s] -- Up-to-date symlink: /home/ram/projects/dof_ws/install/dof_moveit_config/share/dof_moveit_config/launch/rsp.launch.py
[0.729s] -- Up-to-date symlink: /home/ram/projects/dof_ws/install/dof_moveit_config/share/dof_moveit_config/launch/setup_assistant.launch.py
[0.730s] -- Up-to-date symlink: /home/ram/projects/dof_ws/install/dof_moveit_config/share/dof_moveit_config/launch/spawn_controllers.launch.py
[0.730s] -- Up-to-date symlink: /home/ram/projects/dof_ws/install/dof_moveit_config/share/dof_moveit_config/launch/static_virtual_joint_tfs.launch.py
[0.730s] -- Up-to-date symlink: /home/ram/projects/dof_ws/install/dof_moveit_config/share/dof_moveit_config/launch/warehouse_db.launch.py
[0.731s] -- Up-to-date symlink: /home/ram/projects/dof_ws/install/dof_moveit_config/share/dof_moveit_config/config/dof.ros2_control.xacro
[0.731s] -- Up-to-date symlink: /home/ram/projects/dof_ws/install/dof_moveit_config/share/dof_moveit_config/config/dof.srdf
[0.731s] -- Up-to-date symlink: /home/ram/projects/dof_ws/install/dof_moveit_config/share/dof_moveit_config/config/dof.urdf.xacro
[0.732s] -- Up-to-date symlink: /home/ram/projects/dof_ws/install/dof_moveit_config/share/dof_moveit_config/config/initial_positions.yaml
[0.732s] -- Up-to-date symlink: /home/ram/projects/dof_ws/install/dof_moveit_config/share/dof_moveit_config/config/joint_limits.yaml
[0.733s] -- Up-to-date symlink: /home/ram/projects/dof_ws/install/dof_moveit_config/share/dof_moveit_config/config/kinematics.yaml
[0.733s] -- Up-to-date symlink: /home/ram/projects/dof_ws/install/dof_moveit_config/share/dof_moveit_config/config/moveit.rviz
[0.733s] -- Up-to-date symlink: /home/ram/projects/dof_ws/install/dof_moveit_config/share/dof_moveit_config/config/moveit_controllers.yaml
[0.734s] -- Up-to-date symlink: /home/ram/projects/dof_ws/install/dof_moveit_config/share/dof_moveit_config/config/pilz_cartesian_limits.yaml
[0.734s] -- Up-to-date symlink: /home/ram/projects/dof_ws/install/dof_moveit_config/share/dof_moveit_config/config/ros2_controllers.yaml
[0.734s] -- Up-to-date symlink: /home/ram/projects/dof_ws/install/dof_moveit_config/share/dof_moveit_config/config/sensors_3d.yaml
[0.734s] -- Up-to-date symlink: /home/ram/projects/dof_ws/install/dof_moveit_config/share/dof_moveit_config/config/servo.yaml
[0.735s] -- Up-to-date symlink: /home/ram/projects/dof_ws/install/dof_moveit_config/share/dof_moveit_config/.setup_assistant
[0.739s] Invoked command in '/home/ram/projects/dof_ws/build/dof_moveit_config' returned '0': CMAKE_PREFIX_PATH=/home/ram/projects/dof_ws/install/dof_description:/home/ram/projects/dof_ws/install/dof_moveit_config:/home/ram/projects/arm_ws/install/arm2_moveit_config:/home/ram/projects/arm_ws/install/arm2_description:/opt/ros/jazzy/opt/gz_sim_vendor:/opt/ros/jazzy/opt/gz_sensors_vendor:/opt/ros/jazzy/opt/gz_physics_vendor:/opt/ros/jazzy/opt/sdformat_vendor:/opt/ros/jazzy/opt/gz_gui_vendor:/opt/ros/jazzy/opt/gz_transport_vendor:/opt/ros/jazzy/opt/gz_rendering_vendor:/opt/ros/jazzy/opt/gz_plugin_vendor:/opt/ros/jazzy/opt/gz_fuel_tools_vendor:/opt/ros/jazzy/opt/gz_msgs_vendor:/opt/ros/jazzy/opt/gz_common_vendor:/opt/ros/jazzy/opt/gz_math_vendor:/opt/ros/jazzy/opt/gz_utils_vendor:/opt/ros/jazzy/opt/gz_tools_vendor:/opt/ros/jazzy/opt/gz_ogre_next_vendor:/opt/ros/jazzy/opt/gz_dartsim_vendor:/opt/ros/jazzy/opt/gz_cmake_vendor:/opt/ros/jazzy DEBUGINFOD_URLS=https://debuginfod.ubuntu.com /usr/bin/cmake --install /home/ram/projects/dof_ws/build/dof_moveit_config
